[0.089s] DEBUG:colcon:Command line arguments: ['/usr/bin/colcon', 'build']
[0.089s] DEBUG:colcon:Parsed command line arguments: Namespace(log_base=None, log_level=None, verb_name='build', build_base='build', install_base='install', merge_install=False, symlink_install=False, test_result_base=None, continue_on_error=False, executor='parallel', parallel_workers=32, event_handlers=None, ignore_user_meta=False, metas=['./colcon.meta'], base_paths=['.'], packages_ignore=None, packages_ignore_regex=None, paths=None, packages_up_to=None, packages_up_to_regex=None, packages_above=None, packages_above_and_dependencies=None, packages_above_depth=None, packages_select_by_dep=None, packages_skip_by_dep=None, packages_skip_up_to=None, packages_select_build_failed=False, packages_skip_build_finished=False, packages_select_test_failures=False, packages_skip_test_passed=False, packages_select=None, packages_skip=None, packages_select_regex=None, packages_skip_regex=None, packages_start=None, packages_end=None, allow_overriding=[], cmake_args=None, cmake_target=None, cmake_target_skip_unavailable=False, cmake_clean_cache=False, cmake_clean_first=False, cmake_force_configure=False, ament_cmake_args=None, catkin_cmake_args=None, catkin_skip_building_tests=False, verb_parser=<colcon_defaults.argument_parser.defaults.DefaultArgumentsDecorator object at 0x73365bc5e050>, verb_extension=<colcon_core.verb.build.BuildVerb object at 0x73365bc5dae0>, main=<bound method BuildVerb.main of <colcon_core.verb.build.BuildVerb object at 0x73365bc5dae0>>)
[0.231s] Level 1:colcon.colcon_core.package_discovery:discover_packages(colcon_meta) check parameters
[0.231s] Level 1:colcon.colcon_core.package_discovery:discover_packages(recursive) check parameters
[0.231s] Level 1:colcon.colcon_core.package_discovery:discover_packages(ignore) check parameters
[0.231s] Level 1:colcon.colcon_core.package_discovery:discover_packages(path) check parameters
[0.232s] Level 1:colcon.colcon_core.package_discovery:discover_packages(colcon_meta) discover
[0.232s] Level 1:colcon.colcon_core.package_discovery:discover_packages(recursive) discover
[0.232s] INFO:colcon.colcon_core.package_discovery:Crawling recursively for packages in '/home/pochsathya/ros2_ws'
[0.232s] Level 1:colcon.colcon_core.package_identification:_identify(.) by extensions ['ignore', 'ignore_ament_install']
[0.232s] Level 1:colcon.colcon_core.package_identification:_identify(.) by extension 'ignore'
[0.232s] Level 1:colcon.colcon_core.package_identification:_identify(.) by extension 'ignore_ament_install'
[0.232s] Level 1:colcon.colcon_core.package_identification:_identify(.) by extensions ['colcon_pkg']
[0.232s] Level 1:colcon.colcon_core.package_identification:_identify(.) by extension 'colcon_pkg'
[0.232s] Level 1:colcon.colcon_core.package_identification:_identify(.) by extensions ['colcon_meta']
[0.232s] Level 1:colcon.colcon_core.package_identification:_identify(.) by extension 'colcon_meta'
[0.232s] Level 1:colcon.colcon_core.package_identification:_identify(.) by extensions ['ros']
[0.232s] Level 1:colcon.colcon_core.package_identification:_identify(.) by extension 'ros'
[0.237s] Level 1:colcon.colcon_core.package_identification:_identify(.) by extensions ['cmake', 'python']
[0.237s] Level 1:colcon.colcon_core.package_identification:_identify(.) by extension 'cmake'
[0.237s] Level 1:colcon.colcon_core.package_identification:_identify(.) by extension 'python'
[0.237s] Level 1:colcon.colcon_core.package_identification:_identify(.) by extensions ['python_setup_py']
[0.237s] Level 1:colcon.colcon_core.package_identification:_identify(.) by extension 'python_setup_py'
[0.237s] Level 1:colcon.colcon_core.package_identification:_identify(build) by extensions ['ignore', 'ignore_ament_install']
[0.238s] Level 1:colcon.colcon_core.package_identification:_identify(build) by extension 'ignore'
[0.238s] Level 1:colcon.colcon_core.package_identification:_identify(build) ignored
[0.238s] Level 1:colcon.colcon_core.package_identification:_identify(example36_pkg) by extensions ['ignore', 'ignore_ament_install']
[0.238s] Level 1:colcon.colcon_core.package_identification:_identify(example36_pkg) by extension 'ignore'
[0.238s] Level 1:colcon.colcon_core.package_identification:_identify(example36_pkg) by extension 'ignore_ament_install'
[0.238s] Level 1:colcon.colcon_core.package_identification:_identify(example36_pkg) by extensions ['colcon_pkg']
[0.238s] Level 1:colcon.colcon_core.package_identification:_identify(example36_pkg) by extension 'colcon_pkg'
[0.238s] Level 1:colcon.colcon_core.package_identification:_identify(example36_pkg) by extensions ['colcon_meta']
[0.238s] Level 1:colcon.colcon_core.package_identification:_identify(example36_pkg) by extension 'colcon_meta'
[0.238s] Level 1:colcon.colcon_core.package_identification:_identify(example36_pkg) by extensions ['ros']
[0.238s] Level 1:colcon.colcon_core.package_identification:_identify(example36_pkg) by extension 'ros'
[0.239s] DEBUG:colcon.colcon_core.package_identification:Package 'example36_pkg' with type 'ros.ament_python' and name 'example36_pkg'
[0.239s] Level 1:colcon.colcon_core.package_identification:_identify(install) by extensions ['ignore', 'ignore_ament_install']
[0.239s] Level 1:colcon.colcon_core.package_identification:_identify(install) by extension 'ignore'
[0.239s] Level 1:colcon.colcon_core.package_identification:_identify(install) ignored
[0.239s] Level 1:colcon.colcon_core.package_identification:_identify(log) by extensions ['ignore', 'ignore_ament_install']
[0.239s] Level 1:colcon.colcon_core.package_identification:_identify(log) by extension 'ignore'
[0.239s] Level 1:colcon.colcon_core.package_identification:_identify(log) ignored
[0.239s] Level 1:colcon.colcon_core.package_identification:_identify(src) by extensions ['ignore', 'ignore_ament_install']
[0.239s] Level 1:colcon.colcon_core.package_identification:_identify(src) by extension 'ignore'
[0.239s] Level 1:colcon.colcon_core.package_identification:_identify(src) by extension 'ignore_ament_install'
[0.240s] Level 1:colcon.colcon_core.package_identification:_identify(src) by extensions ['colcon_pkg']
[0.240s] Level 1:colcon.colcon_core.package_identification:_identify(src) by extension 'colcon_pkg'
[0.240s] Level 1:colcon.colcon_core.package_identification:_identify(src) by extensions ['colcon_meta']
[0.240s] Level 1:colcon.colcon_core.package_identification:_identify(src) by extension 'colcon_meta'
[0.240s] Level 1:colcon.colcon_core.package_identification:_identify(src) by extensions ['ros']
[0.240s] Level 1:colcon.colcon_core.package_identification:_identify(src) by extension 'ros'
[0.240s] Level 1:colcon.colcon_core.package_identification:_identify(src) by extensions ['cmake', 'python']
[0.240s] Level 1:colcon.colcon_core.package_identification:_identify(src) by extension 'cmake'
[0.240s] Level 1:colcon.colcon_core.package_identification:_identify(src) by extension 'python'
[0.240s] Level 1:colcon.colcon_core.package_identification:_identify(src) by extensions ['python_setup_py']
[0.240s] Level 1:colcon.colcon_core.package_identification:_identify(src) by extension 'python_setup_py'
[0.240s] Level 1:colcon.colcon_core.package_identification:_identify(src/build) by extensions ['ignore', 'ignore_ament_install']
[0.240s] Level 1:colcon.colcon_core.package_identification:_identify(src/build) by extension 'ignore'
[0.240s] Level 1:colcon.colcon_core.package_identification:_identify(src/build) ignored
[0.240s] Level 1:colcon.colcon_core.package_identification:_identify(src/custom_interfaces) by extensions ['ignore', 'ignore_ament_install']
[0.240s] Level 1:colcon.colcon_core.package_identification:_identify(src/custom_interfaces) by extension 'ignore'
[0.240s] Level 1:colcon.colcon_core.package_identification:_identify(src/custom_interfaces) by extension 'ignore_ament_install'
[0.240s] Level 1:colcon.colcon_core.package_identification:_identify(src/custom_interfaces) by extensions ['colcon_pkg']
[0.240s] Level 1:colcon.colcon_core.package_identification:_identify(src/custom_interfaces) by extension 'colcon_pkg'
[0.240s] Level 1:colcon.colcon_core.package_identification:_identify(src/custom_interfaces) by extensions ['colcon_meta']
[0.240s] Level 1:colcon.colcon_core.package_identification:_identify(src/custom_interfaces) by extension 'colcon_meta'
[0.240s] Level 1:colcon.colcon_core.package_identification:_identify(src/custom_interfaces) by extensions ['ros']
[0.240s] Level 1:colcon.colcon_core.package_identification:_identify(src/custom_interfaces) by extension 'ros'
[0.240s] DEBUG:colcon.colcon_core.package_identification:Package 'src/custom_interfaces' with type 'ros.ament_cmake' and name 'custom_interfaces'
[0.240s] Level 1:colcon.colcon_core.package_identification:_identify(src/house_navigation_pkg) by extensions ['ignore', 'ignore_ament_install']
[0.240s] Level 1:colcon.colcon_core.package_identification:_identify(src/house_navigation_pkg) by extension 'ignore'
[0.240s] Level 1:colcon.colcon_core.package_identification:_identify(src/house_navigation_pkg) by extension 'ignore_ament_install'
[0.240s] Level 1:colcon.colcon_core.package_identification:_identify(src/house_navigation_pkg) by extensions ['colcon_pkg']
[0.240s] Level 1:colcon.colcon_core.package_identification:_identify(src/house_navigation_pkg) by extension 'colcon_pkg'
[0.240s] Level 1:colcon.colcon_core.package_identification:_identify(src/house_navigation_pkg) by extensions ['colcon_meta']
[0.240s] Level 1:colcon.colcon_core.package_identification:_identify(src/house_navigation_pkg) by extension 'colcon_meta'
[0.240s] Level 1:colcon.colcon_core.package_identification:_identify(src/house_navigation_pkg) by extensions ['ros']
[0.240s] Level 1:colcon.colcon_core.package_identification:_identify(src/house_navigation_pkg) by extension 'ros'
[0.241s] DEBUG:colcon.colcon_core.package_identification:Package 'src/house_navigation_pkg' with type 'ros.ament_python' and name 'house_navigation_pkg'
[0.241s] Level 1:colcon.colcon_core.package_identification:_identify(src/install) by extensions ['ignore', 'ignore_ament_install']
[0.241s] Level 1:colcon.colcon_core.package_identification:_identify(src/install) by extension 'ignore'
[0.241s] Level 1:colcon.colcon_core.package_identification:_identify(src/install) ignored
[0.241s] Level 1:colcon.colcon_core.package_identification:_identify(src/log) by extensions ['ignore', 'ignore_ament_install']
[0.241s] Level 1:colcon.colcon_core.package_identification:_identify(src/log) by extension 'ignore'
[0.241s] Level 1:colcon.colcon_core.package_identification:_identify(src/log) ignored
[0.241s] Level 1:colcon.colcon_core.package_identification:_identify(src/my_first_pkg) by extensions ['ignore', 'ignore_ament_install']
[0.241s] Level 1:colcon.colcon_core.package_identification:_identify(src/my_first_pkg) by extension 'ignore'
[0.241s] Level 1:colcon.colcon_core.package_identification:_identify(src/my_first_pkg) by extension 'ignore_ament_install'
[0.241s] Level 1:colcon.colcon_core.package_identification:_identify(src/my_first_pkg) by extensions ['colcon_pkg']
[0.241s] Level 1:colcon.colcon_core.package_identification:_identify(src/my_first_pkg) by extension 'colcon_pkg'
[0.241s] Level 1:colcon.colcon_core.package_identification:_identify(src/my_first_pkg) by extensions ['colcon_meta']
[0.241s] Level 1:colcon.colcon_core.package_identification:_identify(src/my_first_pkg) by extension 'colcon_meta'
[0.241s] Level 1:colcon.colcon_core.package_identification:_identify(src/my_first_pkg) by extensions ['ros']
[0.241s] Level 1:colcon.colcon_core.package_identification:_identify(src/my_first_pkg) by extension 'ros'
[0.241s] DEBUG:colcon.colcon_core.package_identification:Package 'src/my_first_pkg' with type 'ros.ament_python' and name 'my_first_pkg'
[0.241s] Level 1:colcon.colcon_core.package_identification:_identify(src/odometry_pkg) by extensions ['ignore', 'ignore_ament_install']
[0.242s] Level 1:colcon.colcon_core.package_identification:_identify(src/odometry_pkg) by extension 'ignore'
[0.242s] Level 1:colcon.colcon_core.package_identification:_identify(src/odometry_pkg) by extension 'ignore_ament_install'
[0.242s] Level 1:colcon.colcon_core.package_identification:_identify(src/odometry_pkg) by extensions ['colcon_pkg']
[0.242s] Level 1:colcon.colcon_core.package_identification:_identify(src/odometry_pkg) by extension 'colcon_pkg'
[0.242s] Level 1:colcon.colcon_core.package_identification:_identify(src/odometry_pkg) by extensions ['colcon_meta']
[0.242s] Level 1:colcon.colcon_core.package_identification:_identify(src/odometry_pkg) by extension 'colcon_meta'
[0.242s] Level 1:colcon.colcon_core.package_identification:_identify(src/odometry_pkg) by extensions ['ros']
[0.242s] Level 1:colcon.colcon_core.package_identification:_identify(src/odometry_pkg) by extension 'ros'
[0.242s] DEBUG:colcon.colcon_core.package_identification:Package 'src/odometry_pkg' with type 'ros.ament_python' and name 'odometry_pkg'
[0.242s] Level 1:colcon.colcon_core.package_identification:_identify(src/publisher_pkg) by extensions ['ignore', 'ignore_ament_install']
[0.242s] Level 1:colcon.colcon_core.package_identification:_identify(src/publisher_pkg) by extension 'ignore'
[0.242s] Level 1:colcon.colcon_core.package_identification:_identify(src/publisher_pkg) by extension 'ignore_ament_install'
[0.242s] Level 1:colcon.colcon_core.package_identification:_identify(src/publisher_pkg) by extensions ['colcon_pkg']
[0.242s] Level 1:colcon.colcon_core.package_identification:_identify(src/publisher_pkg) by extension 'colcon_pkg'
[0.242s] Level 1:colcon.colcon_core.package_identification:_identify(src/publisher_pkg) by extensions ['colcon_meta']
[0.242s] Level 1:colcon.colcon_core.package_identification:_identify(src/publisher_pkg) by extension 'colcon_meta'
[0.242s] Level 1:colcon.colcon_core.package_identification:_identify(src/publisher_pkg) by extensions ['ros']
[0.242s] Level 1:colcon.colcon_core.package_identification:_identify(src/publisher_pkg) by extension 'ros'
[0.242s] DEBUG:colcon.colcon_core.package_identification:Package 'src/publisher_pkg' with type 'ros.ament_python' and name 'publisher_pkg'
[0.243s] Level 1:colcon.colcon_core.package_identification:_identify(src/subscriber_pkg) by extensions ['ignore', 'ignore_ament_install']
[0.243s] Level 1:colcon.colcon_core.package_identification:_identify(src/subscriber_pkg) by extension 'ignore'
[0.243s] Level 1:colcon.colcon_core.package_identification:_identify(src/subscriber_pkg) by extension 'ignore_ament_install'
[0.243s] Level 1:colcon.colcon_core.package_identification:_identify(src/subscriber_pkg) by extensions ['colcon_pkg']
[0.243s] Level 1:colcon.colcon_core.package_identification:_identify(src/subscriber_pkg) by extension 'colcon_pkg'
[0.243s] Level 1:colcon.colcon_core.package_identification:_identify(src/subscriber_pkg) by extensions ['colcon_meta']
[0.243s] Level 1:colcon.colcon_core.package_identification:_identify(src/subscriber_pkg) by extension 'colcon_meta'
[0.243s] Level 1:colcon.colcon_core.package_identification:_identify(src/subscriber_pkg) by extensions ['ros']
[0.243s] Level 1:colcon.colcon_core.package_identification:_identify(src/subscriber_pkg) by extension 'ros'
[0.243s] DEBUG:colcon.colcon_core.package_identification:Package 'src/subscriber_pkg' with type 'ros.ament_python' and name 'subscriber_pkg'
[0.243s] Level 1:colcon.colcon_core.package_discovery:discover_packages(recursive) using defaults
[0.243s] Level 1:colcon.colcon_core.package_discovery:discover_packages(ignore) discover
[0.243s] Level 1:colcon.colcon_core.package_discovery:discover_packages(ignore) using defaults
[0.243s] Level 1:colcon.colcon_core.package_discovery:discover_packages(path) discover
[0.243s] Level 1:colcon.colcon_core.package_discovery:discover_packages(path) using defaults
[0.261s] Level 1:colcon.colcon_core.package_discovery:discover_packages(prefix_path) check parameters
[0.261s] Level 1:colcon.colcon_core.package_discovery:discover_packages(prefix_path) discover
[0.262s] DEBUG:colcon.colcon_installed_package_information.package_discovery:Found 7 installed packages in /home/pochsathya/ros2_ws/install
[0.262s] DEBUG:colcon.colcon_installed_package_information.package_discovery:Found 0 installed packages in /home/pochsathya/ros2_ws/src/house_navigation_pkg/house_navigation_pkg/install
[0.263s] DEBUG:colcon.colcon_installed_package_information.package_discovery:Found 439 installed packages in /opt/ros/humble
[0.264s] Level 1:colcon.colcon_core.package_discovery:discover_packages(prefix_path) using defaults
[0.291s] Level 5:colcon.colcon_core.verb:set package 'custom_interfaces' build argument 'cmake_args' from command line to 'None'
[0.291s] Level 5:colcon.colcon_core.verb:set package 'custom_interfaces' build argument 'cmake_target' from command line to 'None'
[0.291s] Level 5:colcon.colcon_core.verb:set package 'custom_interfaces' build argument 'cmake_target_skip_unavailable' from command line to 'False'
[0.291s] Level 5:colcon.colcon_core.verb:set package 'custom_interfaces' build argument 'cmake_clean_cache' from command line to 'False'
[0.291s] Level 5:colcon.colcon_core.verb:set package 'custom_interfaces' build argument 'cmake_clean_first' from command line to 'False'
[0.291s] Level 5:colcon.colcon_core.verb:set package 'custom_interfaces' build argument 'cmake_force_configure' from command line to 'False'
[0.291s] Level 5:colcon.colcon_core.verb:set package 'custom_interfaces' build argument 'ament_cmake_args' from command line to 'None'
[0.291s] Level 5:colcon.colcon_core.verb:set package 'custom_interfaces' build argument 'catkin_cmake_args' from command line to 'None'
[0.291s] Level 5:colcon.colcon_core.verb:set package 'custom_interfaces' build argument 'catkin_skip_building_tests' from command line to 'False'
[0.291s] DEBUG:colcon.colcon_core.verb:Building package 'custom_interfaces' with the following arguments: {'ament_cmake_args': None, 'build_base': '/home/pochsathya/ros2_ws/build/custom_interfaces', 'catkin_cmake_args': None, 'catkin_skip_building_tests': False, 'cmake_args': None, 'cmake_clean_cache': False, 'cmake_clean_first': False, 'cmake_force_configure': False, 'cmake_target': None, 'cmake_target_skip_unavailable': False, 'install_base': '/home/pochsathya/ros2_ws/install/custom_interfaces', 'merge_install': False, 'path': '/home/pochsathya/ros2_ws/src/custom_interfaces', 'symlink_install': False, 'test_result_base': None}
[0.291s] Level 5:colcon.colcon_core.verb:set package 'house_navigation_pkg' build argument 'cmake_args' from command line to 'None'
[0.291s] Level 5:colcon.colcon_core.verb:set package 'house_navigation_pkg' build argument 'cmake_target' from command line to 'None'
[0.291s] Level 5:colcon.colcon_core.verb:set package 'house_navigation_pkg' build argument 'cmake_target_skip_unavailable' from command line to 'False'
[0.291s] Level 5:colcon.colcon_core.verb:set package 'house_navigation_pkg' build argument 'cmake_clean_cache' from command line to 'False'
[0.291s] Level 5:colcon.colcon_core.verb:set package 'house_navigation_pkg' build argument 'cmake_clean_first' from command line to 'False'
[0.291s] Level 5:colcon.colcon_core.verb:set package 'house_navigation_pkg' build argument 'cmake_force_configure' from command line to 'False'
[0.291s] Level 5:colcon.colcon_core.verb:set package 'house_navigation_pkg' build argument 'ament_cmake_args' from command line to 'None'
[0.291s] Level 5:colcon.colcon_core.verb:set package 'house_navigation_pkg' build argument 'catkin_cmake_args' from command line to 'None'
[0.291s] Level 5:colcon.colcon_core.verb:set package 'house_navigation_pkg' build argument 'catkin_skip_building_tests' from command line to 'False'
[0.291s] DEBUG:colcon.colcon_core.verb:Building package 'house_navigation_pkg' with the following arguments: {'ament_cmake_args': None, 'build_base': '/home/pochsathya/ros2_ws/build/house_navigation_pkg', 'catkin_cmake_args': None, 'catkin_skip_building_tests': False, 'cmake_args': None, 'cmake_clean_cache': False, 'cmake_clean_first': False, 'cmake_force_configure': False, 'cmake_target': None, 'cmake_target_skip_unavailable': False, 'install_base': '/home/pochsathya/ros2_ws/install/house_navigation_pkg', 'merge_install': False, 'path': '/home/pochsathya/ros2_ws/src/house_navigation_pkg', 'symlink_install': False, 'test_result_base': None}
[0.291s] Level 5:colcon.colcon_core.verb:set package 'my_first_pkg' build argument 'cmake_args' from command line to 'None'
[0.291s] Level 5:colcon.colcon_core.verb:set package 'my_first_pkg' build argument 'cmake_target' from command line to 'None'
[0.291s] Level 5:colcon.colcon_core.verb:set package 'my_first_pkg' build argument 'cmake_target_skip_unavailable' from command line to 'False'
[0.291s] Level 5:colcon.colcon_core.verb:set package 'my_first_pkg' build argument 'cmake_clean_cache' from command line to 'False'
[0.292s] Level 5:colcon.colcon_core.verb:set package 'my_first_pkg' build argument 'cmake_clean_first' from command line to 'False'
[0.292s] Level 5:colcon.colcon_core.verb:set package 'my_first_pkg' build argument 'cmake_force_configure' from command line to 'False'
[0.292s] Level 5:colcon.colcon_core.verb:set package 'my_first_pkg' build argument 'ament_cmake_args' from command line to 'None'
[0.292s] Level 5:colcon.colcon_core.verb:set package 'my_first_pkg' build argument 'catkin_cmake_args' from command line to 'None'
[0.292s] Level 5:colcon.colcon_core.verb:set package 'my_first_pkg' build argument 'catkin_skip_building_tests' from command line to 'False'
[0.292s] DEBUG:colcon.colcon_core.verb:Building package 'my_first_pkg' with the following arguments: {'ament_cmake_args': None, 'build_base': '/home/pochsathya/ros2_ws/build/my_first_pkg', 'catkin_cmake_args': None, 'catkin_skip_building_tests': False, 'cmake_args': None, 'cmake_clean_cache': False, 'cmake_clean_first': False, 'cmake_force_configure': False, 'cmake_target': None, 'cmake_target_skip_unavailable': False, 'install_base': '/home/pochsathya/ros2_ws/install/my_first_pkg', 'merge_install': False, 'path': '/home/pochsathya/ros2_ws/src/my_first_pkg', 'symlink_install': False, 'test_result_base': None}
[0.292s] Level 5:colcon.colcon_core.verb:set package 'odometry_pkg' build argument 'cmake_args' from command line to 'None'
[0.292s] Level 5:colcon.colcon_core.verb:set package 'odometry_pkg' build argument 'cmake_target' from command line to 'None'
[0.292s] Level 5:colcon.colcon_core.verb:set package 'odometry_pkg' build argument 'cmake_target_skip_unavailable' from command line to 'False'
[0.292s] Level 5:colcon.colcon_core.verb:set package 'odometry_pkg' build argument 'cmake_clean_cache' from command line to 'False'
[0.292s] Level 5:colcon.colcon_core.verb:set package 'odometry_pkg' build argument 'cmake_clean_first' from command line to 'False'
[0.292s] Level 5:colcon.colcon_core.verb:set package 'odometry_pkg' build argument 'cmake_force_configure' from command line to 'False'
[0.292s] Level 5:colcon.colcon_core.verb:set package 'odometry_pkg' build argument 'ament_cmake_args' from command line to 'None'
[0.292s] Level 5:colcon.colcon_core.verb:set package 'odometry_pkg' build argument 'catkin_cmake_args' from command line to 'None'
[0.292s] Level 5:colcon.colcon_core.verb:set package 'odometry_pkg' build argument 'catkin_skip_building_tests' from command line to 'False'
[0.292s] DEBUG:colcon.colcon_core.verb:Building package 'odometry_pkg' with the following arguments: {'ament_cmake_args': None, 'build_base': '/home/pochsathya/ros2_ws/build/odometry_pkg', 'catkin_cmake_args': None, 'catkin_skip_building_tests': False, 'cmake_args': None, 'cmake_clean_cache': False, 'cmake_clean_first': False, 'cmake_force_configure': False, 'cmake_target': None, 'cmake_target_skip_unavailable': False, 'install_base': '/home/pochsathya/ros2_ws/install/odometry_pkg', 'merge_install': False, 'path': '/home/pochsathya/ros2_ws/src/odometry_pkg', 'symlink_install': False, 'test_result_base': None}
[0.292s] Level 5:colcon.colcon_core.verb:set package 'publisher_pkg' build argument 'cmake_args' from command line to 'None'
[0.292s] Level 5:colcon.colcon_core.verb:set package 'publisher_pkg' build argument 'cmake_target' from command line to 'None'
[0.292s] Level 5:colcon.colcon_core.verb:set package 'publisher_pkg' build argument 'cmake_target_skip_unavailable' from command line to 'False'
[0.292s] Level 5:colcon.colcon_core.verb:set package 'publisher_pkg' build argument 'cmake_clean_cache' from command line to 'False'
[0.292s] Level 5:colcon.colcon_core.verb:set package 'publisher_pkg' build argument 'cmake_clean_first' from command line to 'False'
[0.292s] Level 5:colcon.colcon_core.verb:set package 'publisher_pkg' build argument 'cmake_force_configure' from command line to 'False'
[0.292s] Level 5:colcon.colcon_core.verb:set package 'publisher_pkg' build argument 'ament_cmake_args' from command line to 'None'
[0.292s] Level 5:colcon.colcon_core.verb:set package 'publisher_pkg' build argument 'catkin_cmake_args' from command line to 'None'
[0.292s] Level 5:colcon.colcon_core.verb:set package 'publisher_pkg' build argument 'catkin_skip_building_tests' from command line to 'False'
[0.292s] DEBUG:colcon.colcon_core.verb:Building package 'publisher_pkg' with the following arguments: {'ament_cmake_args': None, 'build_base': '/home/pochsathya/ros2_ws/build/publisher_pkg', 'catkin_cmake_args': None, 'catkin_skip_building_tests': False, 'cmake_args': None, 'cmake_clean_cache': False, 'cmake_clean_first': False, 'cmake_force_configure': False, 'cmake_target': None, 'cmake_target_skip_unavailable': False, 'install_base': '/home/pochsathya/ros2_ws/install/publisher_pkg', 'merge_install': False, 'path': '/home/pochsathya/ros2_ws/src/publisher_pkg', 'symlink_install': False, 'test_result_base': None}
[0.293s] Level 5:colcon.colcon_core.verb:set package 'subscriber_pkg' build argument 'cmake_args' from command line to 'None'
[0.293s] Level 5:colcon.colcon_core.verb:set package 'subscriber_pkg' build argument 'cmake_target' from command line to 'None'
[0.293s] Level 5:colcon.colcon_core.verb:set package 'subscriber_pkg' build argument 'cmake_target_skip_unavailable' from command line to 'False'
[0.293s] Level 5:colcon.colcon_core.verb:set package 'subscriber_pkg' build argument 'cmake_clean_cache' from command line to 'False'
[0.293s] Level 5:colcon.colcon_core.verb:set package 'subscriber_pkg' build argument 'cmake_clean_first' from command line to 'False'
[0.293s] Level 5:colcon.colcon_core.verb:set package 'subscriber_pkg' build argument 'cmake_force_configure' from command line to 'False'
[0.293s] Level 5:colcon.colcon_core.verb:set package 'subscriber_pkg' build argument 'ament_cmake_args' from command line to 'None'
[0.293s] Level 5:colcon.colcon_core.verb:set package 'subscriber_pkg' build argument 'catkin_cmake_args' from command line to 'None'
[0.293s] Level 5:colcon.colcon_core.verb:set package 'subscriber_pkg' build argument 'catkin_skip_building_tests' from command line to 'False'
[0.293s] DEBUG:colcon.colcon_core.verb:Building package 'subscriber_pkg' with the following arguments: {'ament_cmake_args': None, 'build_base': '/home/pochsathya/ros2_ws/build/subscriber_pkg', 'catkin_cmake_args': None, 'catkin_skip_building_tests': False, 'cmake_args': None, 'cmake_clean_cache': False, 'cmake_clean_first': False, 'cmake_force_configure': False, 'cmake_target': None, 'cmake_target_skip_unavailable': False, 'install_base': '/home/pochsathya/ros2_ws/install/subscriber_pkg', 'merge_install': False, 'path': '/home/pochsathya/ros2_ws/src/subscriber_pkg', 'symlink_install': False, 'test_result_base': None}
[0.293s] Level 5:colcon.colcon_core.verb:set package 'example36_pkg' build argument 'cmake_args' from command line to 'None'
[0.293s] Level 5:colcon.colcon_core.verb:set package 'example36_pkg' build argument 'cmake_target' from command line to 'None'
[0.293s] Level 5:colcon.colcon_core.verb:set package 'example36_pkg' build argument 'cmake_target_skip_unavailable' from command line to 'False'
[0.293s] Level 5:colcon.colcon_core.verb:set package 'example36_pkg' build argument 'cmake_clean_cache' from command line to 'False'
[0.293s] Level 5:colcon.colcon_core.verb:set package 'example36_pkg' build argument 'cmake_clean_first' from command line to 'False'
[0.293s] Level 5:colcon.colcon_core.verb:set package 'example36_pkg' build argument 'cmake_force_configure' from command line to 'False'
[0.293s] Level 5:colcon.colcon_core.verb:set package 'example36_pkg' build argument 'ament_cmake_args' from command line to 'None'
[0.293s] Level 5:colcon.colcon_core.verb:set package 'example36_pkg' build argument 'catkin_cmake_args' from command line to 'None'
[0.293s] Level 5:colcon.colcon_core.verb:set package 'example36_pkg' build argument 'catkin_skip_building_tests' from command line to 'False'
[0.293s] DEBUG:colcon.colcon_core.verb:Building package 'example36_pkg' with the following arguments: {'ament_cmake_args': None, 'build_base': '/home/pochsathya/ros2_ws/build/example36_pkg', 'catkin_cmake_args': None, 'catkin_skip_building_tests': False, 'cmake_args': None, 'cmake_clean_cache': False, 'cmake_clean_first': False, 'cmake_force_configure': False, 'cmake_target': None, 'cmake_target_skip_unavailable': False, 'install_base': '/home/pochsathya/ros2_ws/install/example36_pkg', 'merge_install': False, 'path': '/home/pochsathya/ros2_ws/example36_pkg', 'symlink_install': False, 'test_result_base': None}
[0.293s] INFO:colcon.colcon_core.executor:Executing jobs using 'parallel' executor
[0.294s] DEBUG:colcon.colcon_parallel_executor.executor.parallel:run_until_complete
[0.295s] INFO:colcon.colcon_ros.task.ament_cmake.build:Building ROS package in '/home/pochsathya/ros2_ws/src/custom_interfaces' with build type 'ament_cmake'
[0.295s] INFO:colcon.colcon_cmake.task.cmake.build:Building CMake package in '/home/pochsathya/ros2_ws/src/custom_interfaces'
[0.296s] INFO:colcon.colcon_core.plugin_system:Skipping extension 'colcon_core.shell.bat': Not used on non-Windows systems
[0.297s] INFO:colcon.colcon_core.shell:Skip shell extension 'powershell' for command environment: Not usable outside of PowerShell
[0.297s] DEBUG:colcon.colcon_core.shell:Skip shell extension 'dsv' for command environment
[0.301s] INFO:colcon.colcon_ros.task.ament_python.build:Building ROS package in '/home/pochsathya/ros2_ws/src/house_navigation_pkg' with build type 'ament_python'
[0.301s] Level 1:colcon.colcon_core.shell:create_environment_hook('house_navigation_pkg', 'ament_prefix_path')
[0.301s] INFO:colcon.colcon_core.shell:Creating environment hook '/home/pochsathya/ros2_ws/install/house_navigation_pkg/share/house_navigation_pkg/hook/ament_prefix_path.ps1'
[0.302s] INFO:colcon.colcon_core.shell:Creating environment descriptor '/home/pochsathya/ros2_ws/install/house_navigation_pkg/share/house_navigation_pkg/hook/ament_prefix_path.dsv'
[0.302s] INFO:colcon.colcon_core.shell:Creating environment hook '/home/pochsathya/ros2_ws/install/house_navigation_pkg/share/house_navigation_pkg/hook/ament_prefix_path.sh'
[0.302s] INFO:colcon.colcon_core.shell:Skip shell extension 'powershell' for command environment: Not usable outside of PowerShell
[0.302s] DEBUG:colcon.colcon_core.shell:Skip shell extension 'dsv' for command environment
[0.305s] INFO:colcon.colcon_ros.task.ament_python.build:Building ROS package in '/home/pochsathya/ros2_ws/src/my_first_pkg' with build type 'ament_python'
[0.305s] Level 1:colcon.colcon_core.shell:create_environment_hook('my_first_pkg', 'ament_prefix_path')
[0.305s] INFO:colcon.colcon_core.shell:Creating environment hook '/home/pochsathya/ros2_ws/install/my_first_pkg/share/my_first_pkg/hook/ament_prefix_path.ps1'
[0.305s] INFO:colcon.colcon_core.shell:Creating environment descriptor '/home/pochsathya/ros2_ws/install/my_first_pkg/share/my_first_pkg/hook/ament_prefix_path.dsv'
[0.305s] INFO:colcon.colcon_core.shell:Creating environment hook '/home/pochsathya/ros2_ws/install/my_first_pkg/share/my_first_pkg/hook/ament_prefix_path.sh'
[0.306s] INFO:colcon.colcon_core.shell:Skip shell extension 'powershell' for command environment: Not usable outside of PowerShell
[0.306s] DEBUG:colcon.colcon_core.shell:Skip shell extension 'dsv' for command environment
[0.308s] INFO:colcon.colcon_ros.task.ament_python.build:Building ROS package in '/home/pochsathya/ros2_ws/src/odometry_pkg' with build type 'ament_python'
[0.308s] Level 1:colcon.colcon_core.shell:create_environment_hook('odometry_pkg', 'ament_prefix_path')
[0.309s] INFO:colcon.colcon_core.shell:Creating environment hook '/home/pochsathya/ros2_ws/install/odometry_pkg/share/odometry_pkg/hook/ament_prefix_path.ps1'
[0.309s] INFO:colcon.colcon_core.shell:Creating environment descriptor '/home/pochsathya/ros2_ws/install/odometry_pkg/share/odometry_pkg/hook/ament_prefix_path.dsv'
[0.309s] INFO:colcon.colcon_core.shell:Creating environment hook '/home/pochsathya/ros2_ws/install/odometry_pkg/share/odometry_pkg/hook/ament_prefix_path.sh'
[0.309s] INFO:colcon.colcon_core.shell:Skip shell extension 'powershell' for command environment: Not usable outside of PowerShell
[0.309s] DEBUG:colcon.colcon_core.shell:Skip shell extension 'dsv' for command environment
[0.312s] INFO:colcon.colcon_ros.task.ament_python.build:Building ROS package in '/home/pochsathya/ros2_ws/src/publisher_pkg' with build type 'ament_python'
[0.312s] Level 1:colcon.colcon_core.shell:create_environment_hook('publisher_pkg', 'ament_prefix_path')
[0.312s] INFO:colcon.colcon_core.shell:Creating environment hook '/home/pochsathya/ros2_ws/install/publisher_pkg/share/publisher_pkg/hook/ament_prefix_path.ps1'
[0.312s] INFO:colcon.colcon_core.shell:Creating environment descriptor '/home/pochsathya/ros2_ws/install/publisher_pkg/share/publisher_pkg/hook/ament_prefix_path.dsv'
[0.312s] INFO:colcon.colcon_core.shell:Creating environment hook '/home/pochsathya/ros2_ws/install/publisher_pkg/share/publisher_pkg/hook/ament_prefix_path.sh'
[0.313s] INFO:colcon.colcon_core.shell:Skip shell extension 'powershell' for command environment: Not usable outside of PowerShell
[0.313s] DEBUG:colcon.colcon_core.shell:Skip shell extension 'dsv' for command environment
[0.315s] INFO:colcon.colcon_ros.task.ament_python.build:Building ROS package in '/home/pochsathya/ros2_ws/src/subscriber_pkg' with build type 'ament_python'
[0.315s] Level 1:colcon.colcon_core.shell:create_environment_hook('subscriber_pkg', 'ament_prefix_path')
[0.315s] INFO:colcon.colcon_core.shell:Creating environment hook '/home/pochsathya/ros2_ws/install/subscriber_pkg/share/subscriber_pkg/hook/ament_prefix_path.ps1'
[0.315s] INFO:colcon.colcon_core.shell:Creating environment descriptor '/home/pochsathya/ros2_ws/install/subscriber_pkg/share/subscriber_pkg/hook/ament_prefix_path.dsv'
[0.315s] INFO:colcon.colcon_core.shell:Creating environment hook '/home/pochsathya/ros2_ws/install/subscriber_pkg/share/subscriber_pkg/hook/ament_prefix_path.sh'
[0.316s] INFO:colcon.colcon_core.shell:Skip shell extension 'powershell' for command environment: Not usable outside of PowerShell
[0.316s] DEBUG:colcon.colcon_core.shell:Skip shell extension 'dsv' for command environment
[0.320s] DEBUG:colcon.colcon_core.event_handler.log_command:Invoking command in '/home/pochsathya/ros2_ws/build/custom_interfaces': CMAKE_PREFIX_PATH=${CMAKE_PREFIX_PATH}:/home/pochsathya/ros2_ws/install/house_navigation_pkg:/home/pochsathya/ros2_ws/install/subscriber_pkg:/home/pochsathya/ros2_ws/install/publisher_pkg:/home/pochsathya/ros2_ws/install/odometry_pkg:/home/pochsathya/ros2_ws/install/my_first_pkg:/home/pochsathya/ros2_ws/install/example36_pkg:/opt/ros/humble /usr/bin/cmake --build /home/pochsathya/ros2_ws/build/custom_interfaces -- -j32 -l32
[0.522s] INFO:colcon.colcon_core.task.python.build:Building Python package in '/home/pochsathya/ros2_ws/src/house_navigation_pkg'
[0.522s] INFO:colcon.colcon_core.shell:Skip shell extension 'powershell' for command environment: Not usable outside of PowerShell
[0.522s] DEBUG:colcon.colcon_core.shell:Skip shell extension 'dsv' for command environment
[0.666s] INFO:colcon.colcon_core.task.python.build:Building Python package in '/home/pochsathya/ros2_ws/src/my_first_pkg'
[0.666s] INFO:colcon.colcon_core.shell:Skip shell extension 'powershell' for command environment: Not usable outside of PowerShell
[0.666s] DEBUG:colcon.colcon_core.shell:Skip shell extension 'dsv' for command environment
[0.918s] INFO:colcon.colcon_core.task.python.build:Building Python package in '/home/pochsathya/ros2_ws/src/odometry_pkg'
[0.918s] INFO:colcon.colcon_core.shell:Skip shell extension 'powershell' for command environment: Not usable outside of PowerShell
[0.919s] DEBUG:colcon.colcon_core.shell:Skip shell extension 'dsv' for command environment
[1.100s] INFO:colcon.colcon_core.task.python.build:Building Python package in '/home/pochsathya/ros2_ws/src/publisher_pkg'
[1.100s] INFO:colcon.colcon_core.shell:Skip shell extension 'powershell' for command environment: Not usable outside of PowerShell
[1.100s] DEBUG:colcon.colcon_core.shell:Skip shell extension 'dsv' for command environment
[1.242s] INFO:colcon.colcon_core.task.python.build:Building Python package in '/home/pochsathya/ros2_ws/src/subscriber_pkg'
[1.243s] INFO:colcon.colcon_core.shell:Skip shell extension 'powershell' for command environment: Not usable outside of PowerShell
[1.243s] DEBUG:colcon.colcon_core.shell:Skip shell extension 'dsv' for command environment
[1.246s] DEBUG:colcon.colcon_core.event_handler.log_command:Invoked command in '/home/pochsathya/ros2_ws/build/custom_interfaces' returned '0': CMAKE_PREFIX_PATH=${CMAKE_PREFIX_PATH}:/home/pochsathya/ros2_ws/install/house_navigation_pkg:/home/pochsathya/ros2_ws/install/subscriber_pkg:/home/pochsathya/ros2_ws/install/publisher_pkg:/home/pochsathya/ros2_ws/install/odometry_pkg:/home/pochsathya/ros2_ws/install/my_first_pkg:/home/pochsathya/ros2_ws/install/example36_pkg:/opt/ros/humble /usr/bin/cmake --build /home/pochsathya/ros2_ws/build/custom_interfaces -- -j32 -l32
[1.254s] DEBUG:colcon.colcon_core.event_handler.log_command:Invoking command in '/home/pochsathya/ros2_ws/build/custom_interfaces': CMAKE_PREFIX_PATH=${CMAKE_PREFIX_PATH}:/home/pochsathya/ros2_ws/install/house_navigation_pkg:/home/pochsathya/ros2_ws/install/subscriber_pkg:/home/pochsathya/ros2_ws/install/publisher_pkg:/home/pochsathya/ros2_ws/install/odometry_pkg:/home/pochsathya/ros2_ws/install/my_first_pkg:/home/pochsathya/ros2_ws/install/example36_pkg:/opt/ros/humble /usr/bin/cmake --install /home/pochsathya/ros2_ws/build/custom_interfaces
[1.336s] Level 1:colcon.colcon_core.environment:create_environment_scripts_only(custom_interfaces)
[1.337s] DEBUG:colcon.colcon_core.event_handler.log_command:Invoked command in '/home/pochsathya/ros2_ws/build/custom_interfaces' returned '0': CMAKE_PREFIX_PATH=${CMAKE_PREFIX_PATH}:/home/pochsathya/ros2_ws/install/house_navigation_pkg:/home/pochsathya/ros2_ws/install/subscriber_pkg:/home/pochsathya/ros2_ws/install/publisher_pkg:/home/pochsathya/ros2_ws/install/odometry_pkg:/home/pochsathya/ros2_ws/install/my_first_pkg:/home/pochsathya/ros2_ws/install/example36_pkg:/opt/ros/humble /usr/bin/cmake --install /home/pochsathya/ros2_ws/build/custom_interfaces
[1.342s] Level 1:colcon.colcon_core.environment:checking '/home/pochsathya/ros2_ws/install/custom_interfaces' for CMake module files
[1.343s] Level 1:colcon.colcon_core.environment:checking '/home/pochsathya/ros2_ws/install/custom_interfaces' for CMake config files
[1.344s] Level 1:colcon.colcon_core.shell:create_environment_hook('custom_interfaces', 'cmake_prefix_path')
[1.345s] INFO:colcon.colcon_core.shell:Creating environment hook '/home/pochsathya/ros2_ws/install/custom_interfaces/share/custom_interfaces/hook/cmake_prefix_path.ps1'
[1.346s] INFO:colcon.colcon_core.shell:Creating environment descriptor '/home/pochsathya/ros2_ws/install/custom_interfaces/share/custom_interfaces/hook/cmake_prefix_path.dsv'
[1.347s] INFO:colcon.colcon_core.shell:Creating environment hook '/home/pochsathya/ros2_ws/install/custom_interfaces/share/custom_interfaces/hook/cmake_prefix_path.sh'
[1.348s] Level 1:colcon.colcon_core.environment:checking '/home/pochsathya/ros2_ws/install/custom_interfaces/lib'
[1.349s] Level 1:colcon.colcon_core.shell:create_environment_hook('custom_interfaces', 'ld_library_path_lib')
[1.349s] INFO:colcon.colcon_core.shell:Creating environment hook '/home/pochsathya/ros2_ws/install/custom_interfaces/share/custom_interfaces/hook/ld_library_path_lib.ps1'
[1.350s] INFO:colcon.colcon_core.shell:Creating environment descriptor '/home/pochsathya/ros2_ws/install/custom_interfaces/share/custom_interfaces/hook/ld_library_path_lib.dsv'
[1.350s] INFO:colcon.colcon_core.shell:Creating environment hook '/home/pochsathya/ros2_ws/install/custom_interfaces/share/custom_interfaces/hook/ld_library_path_lib.sh'
[1.351s] Level 1:colcon.colcon_core.environment:checking '/home/pochsathya/ros2_ws/install/custom_interfaces/bin'
[1.351s] Level 1:colcon.colcon_core.environment:checking '/home/pochsathya/ros2_ws/install/custom_interfaces/lib/pkgconfig/custom_interfaces.pc'
[1.351s] Level 1:colcon.colcon_core.environment:checking '/home/pochsathya/ros2_ws/install/custom_interfaces/lib/python3.10/site-packages'
[1.352s] Level 1:colcon.colcon_core.environment:checking '/home/pochsathya/ros2_ws/install/custom_interfaces/bin'
[1.352s] INFO:colcon.colcon_core.shell:Creating package script '/home/pochsathya/ros2_ws/install/custom_interfaces/share/custom_interfaces/package.ps1'
[1.354s] INFO:colcon.colcon_core.shell:Creating package descriptor '/home/pochsathya/ros2_ws/install/custom_interfaces/share/custom_interfaces/package.dsv'
[1.354s] INFO:colcon.colcon_core.shell:Creating package script '/home/pochsathya/ros2_ws/install/custom_interfaces/share/custom_interfaces/package.sh'
[1.355s] INFO:colcon.colcon_core.shell:Creating package script '/home/pochsathya/ros2_ws/install/custom_interfaces/share/custom_interfaces/package.bash'
[1.356s] INFO:colcon.colcon_core.shell:Creating package script '/home/pochsathya/ros2_ws/install/custom_interfaces/share/custom_interfaces/package.zsh'
[1.357s] Level 1:colcon.colcon_core.environment:create_file_with_runtime_dependencies(/home/pochsathya/ros2_ws/install/custom_interfaces/share/colcon-core/packages/custom_interfaces)
[1.358s] Level 1:colcon.colcon_core.environment:create_environment_scripts_only(custom_interfaces)
[1.358s] Level 1:colcon.colcon_core.environment:checking '/home/pochsathya/ros2_ws/install/custom_interfaces' for CMake module files
[1.359s] Level 1:colcon.colcon_core.environment:checking '/home/pochsathya/ros2_ws/install/custom_interfaces' for CMake config files
[1.360s] Level 1:colcon.colcon_core.shell:create_environment_hook('custom_interfaces', 'cmake_prefix_path')
[1.360s] INFO:colcon.colcon_core.shell:Creating environment hook '/home/pochsathya/ros2_ws/install/custom_interfaces/share/custom_interfaces/hook/cmake_prefix_path.ps1'
[1.361s] INFO:colcon.colcon_core.shell:Creating environment descriptor '/home/pochsathya/ros2_ws/install/custom_interfaces/share/custom_interfaces/hook/cmake_prefix_path.dsv'
[1.362s] INFO:colcon.colcon_core.shell:Creating environment hook '/home/pochsathya/ros2_ws/install/custom_interfaces/share/custom_interfaces/hook/cmake_prefix_path.sh'
[1.362s] Level 1:colcon.colcon_core.environment:checking '/home/pochsathya/ros2_ws/install/custom_interfaces/lib'
[1.362s] Level 1:colcon.colcon_core.shell:create_environment_hook('custom_interfaces', 'ld_library_path_lib')
[1.363s] INFO:colcon.colcon_core.shell:Creating environment hook '/home/pochsathya/ros2_ws/install/custom_interfaces/share/custom_interfaces/hook/ld_library_path_lib.ps1'
[1.363s] INFO:colcon.colcon_core.shell:Creating environment descriptor '/home/pochsathya/ros2_ws/install/custom_interfaces/share/custom_interfaces/hook/ld_library_path_lib.dsv'
[1.364s] INFO:colcon.colcon_core.shell:Creating environment hook '/home/pochsathya/ros2_ws/install/custom_interfaces/share/custom_interfaces/hook/ld_library_path_lib.sh'
[1.364s] Level 1:colcon.colcon_core.environment:checking '/home/pochsathya/ros2_ws/install/custom_interfaces/bin'
[1.364s] Level 1:colcon.colcon_core.environment:checking '/home/pochsathya/ros2_ws/install/custom_interfaces/lib/pkgconfig/custom_interfaces.pc'
[1.365s] Level 1:colcon.colcon_core.environment:checking '/home/pochsathya/ros2_ws/install/custom_interfaces/lib/python3.10/site-packages'
[1.365s] Level 1:colcon.colcon_core.environment:checking '/home/pochsathya/ros2_ws/install/custom_interfaces/bin'
[1.366s] INFO:colcon.colcon_core.shell:Creating package script '/home/pochsathya/ros2_ws/install/custom_interfaces/share/custom_interfaces/package.ps1'
[1.367s] INFO:colcon.colcon_core.shell:Creating package descriptor '/home/pochsathya/ros2_ws/install/custom_interfaces/share/custom_interfaces/package.dsv'
[1.367s] INFO:colcon.colcon_core.shell:Creating package script '/home/pochsathya/ros2_ws/install/custom_interfaces/share/custom_interfaces/package.sh'
[1.368s] INFO:colcon.colcon_core.shell:Creating package script '/home/pochsathya/ros2_ws/install/custom_interfaces/share/custom_interfaces/package.bash'
[1.368s] INFO:colcon.colcon_core.shell:Creating package script '/home/pochsathya/ros2_ws/install/custom_interfaces/share/custom_interfaces/package.zsh'
[1.369s] Level 1:colcon.colcon_core.environment:create_file_with_runtime_dependencies(/home/pochsathya/ros2_ws/install/custom_interfaces/share/colcon-core/packages/custom_interfaces)
[1.369s] INFO:colcon.colcon_ros.task.ament_python.build:Building ROS package in '/home/pochsathya/ros2_ws/example36_pkg' with build type 'ament_python'
[1.369s] Level 1:colcon.colcon_core.shell:create_environment_hook('example36_pkg', 'ament_prefix_path')
[1.370s] INFO:colcon.colcon_core.shell:Creating environment hook '/home/pochsathya/ros2_ws/install/example36_pkg/share/example36_pkg/hook/ament_prefix_path.ps1'
[1.371s] INFO:colcon.colcon_core.shell:Creating environment descriptor '/home/pochsathya/ros2_ws/install/example36_pkg/share/example36_pkg/hook/ament_prefix_path.dsv'
[1.373s] INFO:colcon.colcon_core.shell:Creating environment hook '/home/pochsathya/ros2_ws/install/example36_pkg/share/example36_pkg/hook/ament_prefix_path.sh'
[1.374s] INFO:colcon.colcon_core.shell:Skip shell extension 'powershell' for command environment: Not usable outside of PowerShell
[1.374s] DEBUG:colcon.colcon_core.shell:Skip shell extension 'dsv' for command environment
[1.601s] INFO:colcon.colcon_core.task.python.build:Building Python package in '/home/pochsathya/ros2_ws/example36_pkg'
[1.601s] INFO:colcon.colcon_core.shell:Skip shell extension 'powershell' for command environment: Not usable outside of PowerShell
[1.601s] DEBUG:colcon.colcon_core.shell:Skip shell extension 'dsv' for command environment
[1.608s] DEBUG:colcon.colcon_core.event_handler.log_command:Invoking command in '/home/pochsathya/ros2_ws/src/publisher_pkg': PYTHONPATH=/home/pochsathya/ros2_ws/build/publisher_pkg/prefix_override:/usr/lib/python3/dist-packages/colcon_core/task/python/colcon_distutils_commands:/home/pochsathya/ros2_ws/install/publisher_pkg/lib/python3.10/site-packages:${PYTHONPATH} /usr/bin/python3 -W ignore:setup.py install is deprecated -W ignore:easy_install command is deprecated setup.py egg_info --egg-base ../../build/publisher_pkg build --build-base /home/pochsathya/ros2_ws/build/publisher_pkg/build install --record /home/pochsathya/ros2_ws/build/publisher_pkg/install.log --single-version-externally-managed install_data
[1.610s] DEBUG:colcon.colcon_core.event_handler.log_command:Invoking command in '/home/pochsathya/ros2_ws/src/house_navigation_pkg': PYTHONPATH=/home/pochsathya/ros2_ws/build/house_navigation_pkg/prefix_override:/usr/lib/python3/dist-packages/colcon_core/task/python/colcon_distutils_commands:/home/pochsathya/ros2_ws/install/house_navigation_pkg/lib/python3.10/site-packages:${PYTHONPATH} /usr/bin/python3 -W ignore:setup.py install is deprecated -W ignore:easy_install command is deprecated setup.py egg_info --egg-base ../../build/house_navigation_pkg build --build-base /home/pochsathya/ros2_ws/build/house_navigation_pkg/build install --record /home/pochsathya/ros2_ws/build/house_navigation_pkg/install.log --single-version-externally-managed install_data
[1.614s] DEBUG:colcon.colcon_core.event_handler.log_command:Invoking command in '/home/pochsathya/ros2_ws/src/my_first_pkg': PYTHONPATH=/home/pochsathya/ros2_ws/build/my_first_pkg/prefix_override:/usr/lib/python3/dist-packages/colcon_core/task/python/colcon_distutils_commands:/home/pochsathya/ros2_ws/install/my_first_pkg/lib/python3.10/site-packages:${PYTHONPATH} /usr/bin/python3 -W ignore:setup.py install is deprecated -W ignore:easy_install command is deprecated setup.py egg_info --egg-base ../../build/my_first_pkg build --build-base /home/pochsathya/ros2_ws/build/my_first_pkg/build install --record /home/pochsathya/ros2_ws/build/my_first_pkg/install.log --single-version-externally-managed install_data
[1.616s] DEBUG:colcon.colcon_core.event_handler.log_command:Invoking command in '/home/pochsathya/ros2_ws/src/subscriber_pkg': PYTHONPATH=/home/pochsathya/ros2_ws/build/subscriber_pkg/prefix_override:/usr/lib/python3/dist-packages/colcon_core/task/python/colcon_distutils_commands:/home/pochsathya/ros2_ws/install/subscriber_pkg/lib/python3.10/site-packages:${PYTHONPATH} /usr/bin/python3 -W ignore:setup.py install is deprecated -W ignore:easy_install command is deprecated setup.py egg_info --egg-base ../../build/subscriber_pkg build --build-base /home/pochsathya/ros2_ws/build/subscriber_pkg/build install --record /home/pochsathya/ros2_ws/build/subscriber_pkg/install.log --single-version-externally-managed install_data
[1.617s] DEBUG:colcon.colcon_core.event_handler.log_command:Invoking command in '/home/pochsathya/ros2_ws/src/odometry_pkg': PYTHONPATH=/home/pochsathya/ros2_ws/build/odometry_pkg/prefix_override:/usr/lib/python3/dist-packages/colcon_core/task/python/colcon_distutils_commands:/home/pochsathya/ros2_ws/install/odometry_pkg/lib/python3.10/site-packages:${PYTHONPATH} /usr/bin/python3 -W ignore:setup.py install is deprecated -W ignore:easy_install command is deprecated setup.py egg_info --egg-base ../../build/odometry_pkg build --build-base /home/pochsathya/ros2_ws/build/odometry_pkg/build install --record /home/pochsathya/ros2_ws/build/odometry_pkg/install.log --single-version-externally-managed install_data
[1.803s] Level 1:colcon.colcon_core.environment:checking '/home/pochsathya/ros2_ws/install/house_navigation_pkg' for CMake module files
[1.803s] Level 1:colcon.colcon_core.environment:checking '/home/pochsathya/ros2_ws/install/house_navigation_pkg' for CMake config files
[1.803s] DEBUG:colcon.colcon_core.event_handler.log_command:Invoked command in '/home/pochsathya/ros2_ws/src/house_navigation_pkg' returned '0': PYTHONPATH=/home/pochsathya/ros2_ws/build/house_navigation_pkg/prefix_override:/usr/lib/python3/dist-packages/colcon_core/task/python/colcon_distutils_commands:/home/pochsathya/ros2_ws/install/house_navigation_pkg/lib/python3.10/site-packages:${PYTHONPATH} /usr/bin/python3 -W ignore:setup.py install is deprecated -W ignore:easy_install command is deprecated setup.py egg_info --egg-base ../../build/house_navigation_pkg build --build-base /home/pochsathya/ros2_ws/build/house_navigation_pkg/build install --record /home/pochsathya/ros2_ws/build/house_navigation_pkg/install.log --single-version-externally-managed install_data
[1.804s] Level 1:colcon.colcon_core.environment:checking '/home/pochsathya/ros2_ws/install/house_navigation_pkg/lib'
[1.804s] Level 1:colcon.colcon_core.environment:checking '/home/pochsathya/ros2_ws/install/house_navigation_pkg/bin'
[1.804s] Level 1:colcon.colcon_core.environment:checking '/home/pochsathya/ros2_ws/install/house_navigation_pkg/lib/pkgconfig/house_navigation_pkg.pc'
[1.804s] Level 1:colcon.colcon_core.environment:checking '/home/pochsathya/ros2_ws/install/house_navigation_pkg/lib/python3.10/site-packages'
[1.804s] Level 1:colcon.colcon_core.shell:create_environment_hook('house_navigation_pkg', 'pythonpath')
[1.805s] INFO:colcon.colcon_core.shell:Creating environment hook '/home/pochsathya/ros2_ws/install/house_navigation_pkg/share/house_navigation_pkg/hook/pythonpath.ps1'
[1.805s] INFO:colcon.colcon_core.shell:Creating environment descriptor '/home/pochsathya/ros2_ws/install/house_navigation_pkg/share/house_navigation_pkg/hook/pythonpath.dsv'
[1.805s] INFO:colcon.colcon_core.shell:Creating environment hook '/home/pochsathya/ros2_ws/install/house_navigation_pkg/share/house_navigation_pkg/hook/pythonpath.sh'
[1.806s] Level 1:colcon.colcon_core.environment:checking '/home/pochsathya/ros2_ws/install/house_navigation_pkg/bin'
[1.806s] Level 1:colcon.colcon_core.environment:create_environment_scripts_only(house_navigation_pkg)
[1.806s] INFO:colcon.colcon_core.shell:Creating package script '/home/pochsathya/ros2_ws/install/house_navigation_pkg/share/house_navigation_pkg/package.ps1'
[1.806s] INFO:colcon.colcon_core.shell:Creating package descriptor '/home/pochsathya/ros2_ws/install/house_navigation_pkg/share/house_navigation_pkg/package.dsv'
[1.807s] INFO:colcon.colcon_core.shell:Creating package script '/home/pochsathya/ros2_ws/install/house_navigation_pkg/share/house_navigation_pkg/package.sh'
[1.807s] INFO:colcon.colcon_core.shell:Creating package script '/home/pochsathya/ros2_ws/install/house_navigation_pkg/share/house_navigation_pkg/package.bash'
[1.807s] INFO:colcon.colcon_core.shell:Creating package script '/home/pochsathya/ros2_ws/install/house_navigation_pkg/share/house_navigation_pkg/package.zsh'
[1.807s] Level 1:colcon.colcon_core.environment:create_file_with_runtime_dependencies(/home/pochsathya/ros2_ws/install/house_navigation_pkg/share/colcon-core/packages/house_navigation_pkg)
[1.808s] Level 1:colcon.colcon_core.environment:checking '/home/pochsathya/ros2_ws/install/my_first_pkg' for CMake module files
[1.809s] DEBUG:colcon.colcon_core.event_handler.log_command:Invoked command in '/home/pochsathya/ros2_ws/src/my_first_pkg' returned '0': PYTHONPATH=/home/pochsathya/ros2_ws/build/my_first_pkg/prefix_override:/usr/lib/python3/dist-packages/colcon_core/task/python/colcon_distutils_commands:/home/pochsathya/ros2_ws/install/my_first_pkg/lib/python3.10/site-packages:${PYTHONPATH} /usr/bin/python3 -W ignore:setup.py install is deprecated -W ignore:easy_install command is deprecated setup.py egg_info --egg-base ../../build/my_first_pkg build --build-base /home/pochsathya/ros2_ws/build/my_first_pkg/build install --record /home/pochsathya/ros2_ws/build/my_first_pkg/install.log --single-version-externally-managed install_data
[1.809s] Level 1:colcon.colcon_core.environment:checking '/home/pochsathya/ros2_ws/install/my_first_pkg' for CMake config files
[1.810s] Level 1:colcon.colcon_core.environment:checking '/home/pochsathya/ros2_ws/install/my_first_pkg/lib'
[1.810s] Level 1:colcon.colcon_core.environment:checking '/home/pochsathya/ros2_ws/install/my_first_pkg/bin'
[1.810s] Level 1:colcon.colcon_core.environment:checking '/home/pochsathya/ros2_ws/install/my_first_pkg/lib/pkgconfig/my_first_pkg.pc'
[1.810s] Level 1:colcon.colcon_core.environment:checking '/home/pochsathya/ros2_ws/install/my_first_pkg/lib/python3.10/site-packages'
[1.810s] Level 1:colcon.colcon_core.shell:create_environment_hook('my_first_pkg', 'pythonpath')
[1.810s] INFO:colcon.colcon_core.shell:Creating environment hook '/home/pochsathya/ros2_ws/install/my_first_pkg/share/my_first_pkg/hook/pythonpath.ps1'
[1.810s] INFO:colcon.colcon_core.shell:Creating environment descriptor '/home/pochsathya/ros2_ws/install/my_first_pkg/share/my_first_pkg/hook/pythonpath.dsv'
[1.810s] INFO:colcon.colcon_core.shell:Creating environment hook '/home/pochsathya/ros2_ws/install/my_first_pkg/share/my_first_pkg/hook/pythonpath.sh'
[1.811s] Level 1:colcon.colcon_core.environment:checking '/home/pochsathya/ros2_ws/install/my_first_pkg/bin'
[1.811s] Level 1:colcon.colcon_core.environment:create_environment_scripts_only(my_first_pkg)
[1.811s] INFO:colcon.colcon_core.shell:Creating package script '/home/pochsathya/ros2_ws/install/my_first_pkg/share/my_first_pkg/package.ps1'
[1.811s] INFO:colcon.colcon_core.shell:Creating package descriptor '/home/pochsathya/ros2_ws/install/my_first_pkg/share/my_first_pkg/package.dsv'
[1.812s] INFO:colcon.colcon_core.shell:Creating package script '/home/pochsathya/ros2_ws/install/my_first_pkg/share/my_first_pkg/package.sh'
[1.812s] INFO:colcon.colcon_core.shell:Creating package script '/home/pochsathya/ros2_ws/install/my_first_pkg/share/my_first_pkg/package.bash'
[1.812s] INFO:colcon.colcon_core.shell:Creating package script '/home/pochsathya/ros2_ws/install/my_first_pkg/share/my_first_pkg/package.zsh'
[1.812s] Level 1:colcon.colcon_core.environment:create_file_with_runtime_dependencies(/home/pochsathya/ros2_ws/install/my_first_pkg/share/colcon-core/packages/my_first_pkg)
[1.813s] Level 1:colcon.colcon_core.environment:checking '/home/pochsathya/ros2_ws/install/subscriber_pkg' for CMake module files
[1.814s] DEBUG:colcon.colcon_core.event_handler.log_command:Invoked command in '/home/pochsathya/ros2_ws/src/subscriber_pkg' returned '0': PYTHONPATH=/home/pochsathya/ros2_ws/build/subscriber_pkg/prefix_override:/usr/lib/python3/dist-packages/colcon_core/task/python/colcon_distutils_commands:/home/pochsathya/ros2_ws/install/subscriber_pkg/lib/python3.10/site-packages:${PYTHONPATH} /usr/bin/python3 -W ignore:setup.py install is deprecated -W ignore:easy_install command is deprecated setup.py egg_info --egg-base ../../build/subscriber_pkg build --build-base /home/pochsathya/ros2_ws/build/subscriber_pkg/build install --record /home/pochsathya/ros2_ws/build/subscriber_pkg/install.log --single-version-externally-managed install_data
[1.814s] Level 1:colcon.colcon_core.environment:checking '/home/pochsathya/ros2_ws/install/subscriber_pkg' for CMake config files
[1.814s] Level 1:colcon.colcon_core.environment:checking '/home/pochsathya/ros2_ws/install/subscriber_pkg/lib'
[1.814s] Level 1:colcon.colcon_core.environment:checking '/home/pochsathya/ros2_ws/install/subscriber_pkg/bin'
[1.814s] Level 1:colcon.colcon_core.environment:checking '/home/pochsathya/ros2_ws/install/subscriber_pkg/lib/pkgconfig/subscriber_pkg.pc'
[1.814s] Level 1:colcon.colcon_core.environment:checking '/home/pochsathya/ros2_ws/install/subscriber_pkg/lib/python3.10/site-packages'
[1.814s] Level 1:colcon.colcon_core.shell:create_environment_hook('subscriber_pkg', 'pythonpath')
[1.815s] INFO:colcon.colcon_core.shell:Creating environment hook '/home/pochsathya/ros2_ws/install/subscriber_pkg/share/subscriber_pkg/hook/pythonpath.ps1'
[1.815s] INFO:colcon.colcon_core.shell:Creating environment descriptor '/home/pochsathya/ros2_ws/install/subscriber_pkg/share/subscriber_pkg/hook/pythonpath.dsv'
[1.815s] INFO:colcon.colcon_core.shell:Creating environment hook '/home/pochsathya/ros2_ws/install/subscriber_pkg/share/subscriber_pkg/hook/pythonpath.sh'
[1.815s] Level 1:colcon.colcon_core.environment:checking '/home/pochsathya/ros2_ws/install/subscriber_pkg/bin'
[1.816s] Level 1:colcon.colcon_core.environment:create_environment_scripts_only(subscriber_pkg)
[1.816s] INFO:colcon.colcon_core.shell:Creating package script '/home/pochsathya/ros2_ws/install/subscriber_pkg/share/subscriber_pkg/package.ps1'
[1.816s] INFO:colcon.colcon_core.shell:Creating package descriptor '/home/pochsathya/ros2_ws/install/subscriber_pkg/share/subscriber_pkg/package.dsv'
[1.816s] INFO:colcon.colcon_core.shell:Creating package script '/home/pochsathya/ros2_ws/install/subscriber_pkg/share/subscriber_pkg/package.sh'
[1.816s] INFO:colcon.colcon_core.shell:Creating package script '/home/pochsathya/ros2_ws/install/subscriber_pkg/share/subscriber_pkg/package.bash'
[1.817s] INFO:colcon.colcon_core.shell:Creating package script '/home/pochsathya/ros2_ws/install/subscriber_pkg/share/subscriber_pkg/package.zsh'
[1.817s] Level 1:colcon.colcon_core.environment:create_file_with_runtime_dependencies(/home/pochsathya/ros2_ws/install/subscriber_pkg/share/colcon-core/packages/subscriber_pkg)
[1.817s] Level 1:colcon.colcon_core.environment:checking '/home/pochsathya/ros2_ws/install/odometry_pkg' for CMake module files
[1.817s] Level 1:colcon.colcon_core.environment:checking '/home/pochsathya/ros2_ws/install/odometry_pkg' for CMake config files
[1.818s] DEBUG:colcon.colcon_core.event_handler.log_command:Invoked command in '/home/pochsathya/ros2_ws/src/odometry_pkg' returned '0': PYTHONPATH=/home/pochsathya/ros2_ws/build/odometry_pkg/prefix_override:/usr/lib/python3/dist-packages/colcon_core/task/python/colcon_distutils_commands:/home/pochsathya/ros2_ws/install/odometry_pkg/lib/python3.10/site-packages:${PYTHONPATH} /usr/bin/python3 -W ignore:setup.py install is deprecated -W ignore:easy_install command is deprecated setup.py egg_info --egg-base ../../build/odometry_pkg build --build-base /home/pochsathya/ros2_ws/build/odometry_pkg/build install --record /home/pochsathya/ros2_ws/build/odometry_pkg/install.log --single-version-externally-managed install_data
[1.818s] Level 1:colcon.colcon_core.environment:checking '/home/pochsathya/ros2_ws/install/odometry_pkg/lib'
[1.818s] Level 1:colcon.colcon_core.environment:checking '/home/pochsathya/ros2_ws/install/odometry_pkg/bin'
[1.818s] Level 1:colcon.colcon_core.environment:checking '/home/pochsathya/ros2_ws/install/odometry_pkg/lib/pkgconfig/odometry_pkg.pc'
[1.818s] Level 1:colcon.colcon_core.environment:checking '/home/pochsathya/ros2_ws/install/odometry_pkg/lib/python3.10/site-packages'
[1.818s] Level 1:colcon.colcon_core.shell:create_environment_hook('odometry_pkg', 'pythonpath')
[1.819s] INFO:colcon.colcon_core.shell:Creating environment hook '/home/pochsathya/ros2_ws/install/odometry_pkg/share/odometry_pkg/hook/pythonpath.ps1'
[1.819s] INFO:colcon.colcon_core.shell:Creating environment descriptor '/home/pochsathya/ros2_ws/install/odometry_pkg/share/odometry_pkg/hook/pythonpath.dsv'
[1.819s] INFO:colcon.colcon_core.shell:Creating environment hook '/home/pochsathya/ros2_ws/install/odometry_pkg/share/odometry_pkg/hook/pythonpath.sh'
[1.819s] Level 1:colcon.colcon_core.environment:checking '/home/pochsathya/ros2_ws/install/odometry_pkg/bin'
[1.819s] Level 1:colcon.colcon_core.environment:create_environment_scripts_only(odometry_pkg)
[1.820s] INFO:colcon.colcon_core.shell:Creating package script '/home/pochsathya/ros2_ws/install/odometry_pkg/share/odometry_pkg/package.ps1'
[1.820s] INFO:colcon.colcon_core.shell:Creating package descriptor '/home/pochsathya/ros2_ws/install/odometry_pkg/share/odometry_pkg/package.dsv'
[1.821s] INFO:colcon.colcon_core.shell:Creating package script '/home/pochsathya/ros2_ws/install/odometry_pkg/share/odometry_pkg/package.sh'
[1.821s] INFO:colcon.colcon_core.shell:Creating package script '/home/pochsathya/ros2_ws/install/odometry_pkg/share/odometry_pkg/package.bash'
[1.821s] INFO:colcon.colcon_core.shell:Creating package script '/home/pochsathya/ros2_ws/install/odometry_pkg/share/odometry_pkg/package.zsh'
[1.821s] Level 1:colcon.colcon_core.environment:create_file_with_runtime_dependencies(/home/pochsathya/ros2_ws/install/odometry_pkg/share/colcon-core/packages/odometry_pkg)
[1.828s] Level 1:colcon.colcon_core.environment:checking '/home/pochsathya/ros2_ws/install/publisher_pkg' for CMake module files
[1.828s] DEBUG:colcon.colcon_core.event_handler.log_command:Invoked command in '/home/pochsathya/ros2_ws/src/publisher_pkg' returned '0': PYTHONPATH=/home/pochsathya/ros2_ws/build/publisher_pkg/prefix_override:/usr/lib/python3/dist-packages/colcon_core/task/python/colcon_distutils_commands:/home/pochsathya/ros2_ws/install/publisher_pkg/lib/python3.10/site-packages:${PYTHONPATH} /usr/bin/python3 -W ignore:setup.py install is deprecated -W ignore:easy_install command is deprecated setup.py egg_info --egg-base ../../build/publisher_pkg build --build-base /home/pochsathya/ros2_ws/build/publisher_pkg/build install --record /home/pochsathya/ros2_ws/build/publisher_pkg/install.log --single-version-externally-managed install_data
[1.829s] Level 1:colcon.colcon_core.environment:checking '/home/pochsathya/ros2_ws/install/publisher_pkg' for CMake config files
[1.829s] Level 1:colcon.colcon_core.environment:checking '/home/pochsathya/ros2_ws/install/publisher_pkg/lib'
[1.829s] Level 1:colcon.colcon_core.environment:checking '/home/pochsathya/ros2_ws/install/publisher_pkg/bin'
[1.829s] Level 1:colcon.colcon_core.environment:checking '/home/pochsathya/ros2_ws/install/publisher_pkg/lib/pkgconfig/publisher_pkg.pc'
[1.830s] Level 1:colcon.colcon_core.environment:checking '/home/pochsathya/ros2_ws/install/publisher_pkg/lib/python3.10/site-packages'
[1.830s] Level 1:colcon.colcon_core.shell:create_environment_hook('publisher_pkg', 'pythonpath')
[1.830s] INFO:colcon.colcon_core.shell:Creating environment hook '/home/pochsathya/ros2_ws/install/publisher_pkg/share/publisher_pkg/hook/pythonpath.ps1'
[1.831s] INFO:colcon.colcon_core.shell:Creating environment descriptor '/home/pochsathya/ros2_ws/install/publisher_pkg/share/publisher_pkg/hook/pythonpath.dsv'
[1.831s] INFO:colcon.colcon_core.shell:Creating environment hook '/home/pochsathya/ros2_ws/install/publisher_pkg/share/publisher_pkg/hook/pythonpath.sh'
[1.832s] Level 1:colcon.colcon_core.environment:checking '/home/pochsathya/ros2_ws/install/publisher_pkg/bin'
[1.832s] Level 1:colcon.colcon_core.environment:create_environment_scripts_only(publisher_pkg)
[1.832s] INFO:colcon.colcon_core.shell:Creating package script '/home/pochsathya/ros2_ws/install/publisher_pkg/share/publisher_pkg/package.ps1'
[1.832s] INFO:colcon.colcon_core.shell:Creating package descriptor '/home/pochsathya/ros2_ws/install/publisher_pkg/share/publisher_pkg/package.dsv'
[1.833s] INFO:colcon.colcon_core.shell:Creating package script '/home/pochsathya/ros2_ws/install/publisher_pkg/share/publisher_pkg/package.sh'
[1.833s] INFO:colcon.colcon_core.shell:Creating package script '/home/pochsathya/ros2_ws/install/publisher_pkg/share/publisher_pkg/package.bash'
[1.833s] INFO:colcon.colcon_core.shell:Creating package script '/home/pochsathya/ros2_ws/install/publisher_pkg/share/publisher_pkg/package.zsh'
[1.833s] Level 1:colcon.colcon_core.environment:create_file_with_runtime_dependencies(/home/pochsathya/ros2_ws/install/publisher_pkg/share/colcon-core/packages/publisher_pkg)
[1.943s] DEBUG:colcon.colcon_core.event_handler.log_command:Invoking command in '/home/pochsathya/ros2_ws/example36_pkg': PYTHONPATH=/home/pochsathya/ros2_ws/build/example36_pkg/prefix_override:/usr/lib/python3/dist-packages/colcon_core/task/python/colcon_distutils_commands:/home/pochsathya/ros2_ws/install/example36_pkg/lib/python3.10/site-packages:${PYTHONPATH} /usr/bin/python3 -W ignore:setup.py install is deprecated -W ignore:easy_install command is deprecated setup.py egg_info --egg-base ../build/example36_pkg build --build-base /home/pochsathya/ros2_ws/build/example36_pkg/build install --record /home/pochsathya/ros2_ws/build/example36_pkg/install.log --single-version-externally-managed install_data
[2.265s] Level 1:colcon.colcon_core.environment:checking '/home/pochsathya/ros2_ws/install/example36_pkg' for CMake module files
[2.265s] DEBUG:colcon.colcon_core.event_handler.log_command:Invoked command in '/home/pochsathya/ros2_ws/example36_pkg' returned '0': PYTHONPATH=/home/pochsathya/ros2_ws/build/example36_pkg/prefix_override:/usr/lib/python3/dist-packages/colcon_core/task/python/colcon_distutils_commands:/home/pochsathya/ros2_ws/install/example36_pkg/lib/python3.10/site-packages:${PYTHONPATH} /usr/bin/python3 -W ignore:setup.py install is deprecated -W ignore:easy_install command is deprecated setup.py egg_info --egg-base ../build/example36_pkg build --build-base /home/pochsathya/ros2_ws/build/example36_pkg/build install --record /home/pochsathya/ros2_ws/build/example36_pkg/install.log --single-version-externally-managed install_data
[2.266s] Level 1:colcon.colcon_core.environment:checking '/home/pochsathya/ros2_ws/install/example36_pkg' for CMake config files
[2.266s] Level 1:colcon.colcon_core.environment:checking '/home/pochsathya/ros2_ws/install/example36_pkg/lib'
[2.266s] Level 1:colcon.colcon_core.environment:checking '/home/pochsathya/ros2_ws/install/example36_pkg/bin'
[2.266s] Level 1:colcon.colcon_core.environment:checking '/home/pochsathya/ros2_ws/install/example36_pkg/lib/pkgconfig/example36_pkg.pc'
[2.266s] Level 1:colcon.colcon_core.environment:checking '/home/pochsathya/ros2_ws/install/example36_pkg/lib/python3.10/site-packages'
[2.266s] Level 1:colcon.colcon_core.shell:create_environment_hook('example36_pkg', 'pythonpath')
[2.266s] INFO:colcon.colcon_core.shell:Creating environment hook '/home/pochsathya/ros2_ws/install/example36_pkg/share/example36_pkg/hook/pythonpath.ps1'
[2.266s] INFO:colcon.colcon_core.shell:Creating environment descriptor '/home/pochsathya/ros2_ws/install/example36_pkg/share/example36_pkg/hook/pythonpath.dsv'
[2.267s] INFO:colcon.colcon_core.shell:Creating environment hook '/home/pochsathya/ros2_ws/install/example36_pkg/share/example36_pkg/hook/pythonpath.sh'
[2.267s] Level 1:colcon.colcon_core.environment:checking '/home/pochsathya/ros2_ws/install/example36_pkg/bin'
[2.267s] Level 1:colcon.colcon_core.environment:create_environment_scripts_only(example36_pkg)
[2.267s] INFO:colcon.colcon_core.shell:Creating package script '/home/pochsathya/ros2_ws/install/example36_pkg/share/example36_pkg/package.ps1'
[2.267s] INFO:colcon.colcon_core.shell:Creating package descriptor '/home/pochsathya/ros2_ws/install/example36_pkg/share/example36_pkg/package.dsv'
[2.268s] INFO:colcon.colcon_core.shell:Creating package script '/home/pochsathya/ros2_ws/install/example36_pkg/share/example36_pkg/package.sh'
[2.268s] INFO:colcon.colcon_core.shell:Creating package script '/home/pochsathya/ros2_ws/install/example36_pkg/share/example36_pkg/package.bash'
[2.268s] INFO:colcon.colcon_core.shell:Creating package script '/home/pochsathya/ros2_ws/install/example36_pkg/share/example36_pkg/package.zsh'
[2.268s] Level 1:colcon.colcon_core.environment:create_file_with_runtime_dependencies(/home/pochsathya/ros2_ws/install/example36_pkg/share/colcon-core/packages/example36_pkg)
[2.268s] DEBUG:colcon.colcon_parallel_executor.executor.parallel:closing loop
[2.268s] DEBUG:colcon.colcon_parallel_executor.executor.parallel:loop closed
[2.268s] DEBUG:colcon.colcon_parallel_executor.executor.parallel:run_until_complete finished with '0'
[2.268s] DEBUG:colcon.colcon_core.event_reactor:joining thread
[2.271s] INFO:colcon.colcon_core.plugin_system:Skipping extension 'colcon_notification.desktop_notification.terminal_notifier': Not used on non-Darwin systems
[2.271s] INFO:colcon.colcon_core.plugin_system:Skipping extension 'colcon_notification.desktop_notification.win32': Not used on non-Windows systems
[2.272s] INFO:colcon.colcon_notification.desktop_notification:Sending desktop notification using 'notify2'
[2.282s] DEBUG:colcon.colcon_core.event_reactor:joined thread
[2.282s] INFO:colcon.colcon_core.shell:Creating prefix script '/home/pochsathya/ros2_ws/install/local_setup.ps1'
[2.284s] INFO:colcon.colcon_core.shell:Creating prefix util module '/home/pochsathya/ros2_ws/install/_local_setup_util_ps1.py'
[2.286s] INFO:colcon.colcon_core.shell:Creating prefix chain script '/home/pochsathya/ros2_ws/install/setup.ps1'
[2.287s] INFO:colcon.colcon_core.shell:Creating prefix script '/home/pochsathya/ros2_ws/install/local_setup.sh'
[2.288s] INFO:colcon.colcon_core.shell:Creating prefix util module '/home/pochsathya/ros2_ws/install/_local_setup_util_sh.py'
[2.289s] INFO:colcon.colcon_core.shell:Creating prefix chain script '/home/pochsathya/ros2_ws/install/setup.sh'
[2.291s] INFO:colcon.colcon_core.shell:Creating prefix script '/home/pochsathya/ros2_ws/install/local_setup.bash'
[2.291s] INFO:colcon.colcon_core.shell:Creating prefix chain script '/home/pochsathya/ros2_ws/install/setup.bash'
[2.293s] INFO:colcon.colcon_core.shell:Creating prefix script '/home/pochsathya/ros2_ws/install/local_setup.zsh'
[2.294s] INFO:colcon.colcon_core.shell:Creating prefix chain script '/home/pochsathya/ros2_ws/install/setup.zsh'
