[1.746s] Invoking command in '/home/pochsathya/ros2_ws/src/house_navigation_pkg': PYTHONPATH=/home/pochsathya/ros2_ws/build/house_navigation_pkg/prefix_override:/usr/lib/python3/dist-packages/colcon_core/task/python/colcon_distutils_commands:/home/pochsathya/ros2_ws/install/house_navigation_pkg/lib/python3.10/site-packages:${PYTHONPATH} /usr/bin/python3 -W ignore:setup.py install is deprecated -W ignore:easy_install command is deprecated setup.py egg_info --egg-base ../../build/house_navigation_pkg build --build-base /home/pochsathya/ros2_ws/build/house_navigation_pkg/build install --record /home/pochsathya/ros2_ws/build/house_navigation_pkg/install.log --single-version-externally-managed install_data
[1.913s] running egg_info
[1.914s] writing ../../build/house_navigation_pkg/house_navigation_pkg.egg-info/PKG-INFO
[1.914s] writing dependency_links to ../../build/house_navigation_pkg/house_navigation_pkg.egg-info/dependency_links.txt
[1.915s] writing entry points to ../../build/house_navigation_pkg/house_navigation_pkg.egg-info/entry_points.txt
[1.915s] writing requirements to ../../build/house_navigation_pkg/house_navigation_pkg.egg-info/requires.txt
[1.915s] writing top-level names to ../../build/house_navigation_pkg/house_navigation_pkg.egg-info/top_level.txt
[1.918s] reading manifest file '../../build/house_navigation_pkg/house_navigation_pkg.egg-info/SOURCES.txt'
[1.919s] writing manifest file '../../build/house_navigation_pkg/house_navigation_pkg.egg-info/SOURCES.txt'
[1.919s] running build
[1.919s] running build_py
[1.919s] running install
[1.919s] running install_lib
[1.921s] running install_data
[1.921s] running install_egg_info
[1.923s] removing '/home/pochsathya/ros2_ws/install/house_navigation_pkg/lib/python3.10/site-packages/house_navigation_pkg-0.0.0-py3.10.egg-info' (and everything under it)
[1.923s] Copying ../../build/house_navigation_pkg/house_navigation_pkg.egg-info to /home/pochsathya/ros2_ws/install/house_navigation_pkg/lib/python3.10/site-packages/house_navigation_pkg-0.0.0-py3.10.egg-info
[1.924s] running install_scripts
[1.940s] Installing house_navigation script to /home/pochsathya/ros2_ws/install/house_navigation_pkg/lib/house_navigation_pkg
[1.940s] writing list of installed files to '/home/pochsathya/ros2_ws/build/house_navigation_pkg/install.log'
[1.956s] Invoked command in '/home/pochsathya/ros2_ws/src/house_navigation_pkg' returned '0': PYTHONPATH=/home/pochsathya/ros2_ws/build/house_navigation_pkg/prefix_override:/usr/lib/python3/dist-packages/colcon_core/task/python/colcon_distutils_commands:/home/pochsathya/ros2_ws/install/house_navigation_pkg/lib/python3.10/site-packages:${PYTHONPATH} /usr/bin/python3 -W ignore:setup.py install is deprecated -W ignore:easy_install command is deprecated setup.py egg_info --egg-base ../../build/house_navigation_pkg build --build-base /home/pochsathya/ros2_ws/build/house_navigation_pkg/build install --record /home/pochsathya/ros2_ws/build/house_navigation_pkg/install.log --single-version-externally-managed install_data
