[2.015s] Invoking command in '/home/pochsathya/ros2_ws/src/publisher_pkg': PYTHONPATH=/home/pochsathya/ros2_ws/build/publisher_pkg/prefix_override:/usr/lib/python3/dist-packages/colcon_core/task/python/colcon_distutils_commands:/home/pochsathya/ros2_ws/install/publisher_pkg/lib/python3.10/site-packages:${PYTHONPATH} /usr/bin/python3 -W ignore:setup.py install is deprecated -W ignore:easy_install command is deprecated setup.py egg_info --egg-base ../../build/publisher_pkg build --build-base /home/pochsathya/ros2_ws/build/publisher_pkg/build install --record /home/pochsathya/ros2_ws/build/publisher_pkg/install.log --single-version-externally-managed install_data
[2.181s] running egg_info
[2.181s] writing ../../build/publisher_pkg/publisher_pkg.egg-info/PKG-INFO
[2.181s] writing dependency_links to ../../build/publisher_pkg/publisher_pkg.egg-info/dependency_links.txt
[2.182s] writing entry points to ../../build/publisher_pkg/publisher_pkg.egg-info/entry_points.txt
[2.182s] writing requirements to ../../build/publisher_pkg/publisher_pkg.egg-info/requires.txt
[2.182s] writing top-level names to ../../build/publisher_pkg/publisher_pkg.egg-info/top_level.txt
[2.183s] reading manifest file '../../build/publisher_pkg/publisher_pkg.egg-info/SOURCES.txt'
[2.184s] writing manifest file '../../build/publisher_pkg/publisher_pkg.egg-info/SOURCES.txt'
[2.184s] running build
[2.184s] running build_py
[2.184s] running install
[2.184s] running install_lib
[2.185s] running install_data
[2.185s] running install_egg_info
[2.186s] removing '/home/pochsathya/ros2_ws/install/publisher_pkg/lib/python3.10/site-packages/publisher_pkg-0.0.0-py3.10.egg-info' (and everything under it)
[2.186s] Copying ../../build/publisher_pkg/publisher_pkg.egg-info to /home/pochsathya/ros2_ws/install/publisher_pkg/lib/python3.10/site-packages/publisher_pkg-0.0.0-py3.10.egg-info
[2.187s] running install_scripts
[2.200s] writing list of installed files to '/home/pochsathya/ros2_ws/build/publisher_pkg/install.log'
[2.226s] Invoked command in '/home/pochsathya/ros2_ws/src/publisher_pkg' returned '0': PYTHONPATH=/home/pochsathya/ros2_ws/build/publisher_pkg/prefix_override:/usr/lib/python3/dist-packages/colcon_core/task/python/colcon_distutils_commands:/home/pochsathya/ros2_ws/install/publisher_pkg/lib/python3.10/site-packages:${PYTHONPATH} /usr/bin/python3 -W ignore:setup.py install is deprecated -W ignore:easy_install command is deprecated setup.py egg_info --egg-base ../../build/publisher_pkg build --build-base /home/pochsathya/ros2_ws/build/publisher_pkg/build install --record /home/pochsathya/ros2_ws/build/publisher_pkg/install.log --single-version-externally-managed install_data
