[2.083s] Invoking command in '/home/pochsathya/ros2_ws/src/house_navigation_pkg': PYTHONPATH=/home/pochsathya/ros2_ws/build/house_navigation_pkg/prefix_override:/usr/lib/python3/dist-packages/colcon_core/task/python/colcon_distutils_commands:/home/pochsathya/ros2_ws/install/house_navigation_pkg/lib/python3.10/site-packages:${PYTHONPATH} /usr/bin/python3 -W ignore:setup.py install is deprecated -W ignore:easy_install command is deprecated setup.py egg_info --egg-base ../../build/house_navigation_pkg build --build-base /home/pochsathya/ros2_ws/build/house_navigation_pkg/build install --record /home/pochsathya/ros2_ws/build/house_navigation_pkg/install.log --single-version-externally-managed install_data
[2.233s] running egg_info
[2.233s] writing ../../build/house_navigation_pkg/house_navigation_pkg.egg-info/PKG-INFO
[2.233s] writing dependency_links to ../../build/house_navigation_pkg/house_navigation_pkg.egg-info/dependency_links.txt
[2.233s] writing entry points to ../../build/house_navigation_pkg/house_navigation_pkg.egg-info/entry_points.txt
[2.233s] writing requirements to ../../build/house_navigation_pkg/house_navigation_pkg.egg-info/requires.txt
[2.234s] writing top-level names to ../../build/house_navigation_pkg/house_navigation_pkg.egg-info/top_level.txt
[2.235s] reading manifest file '../../build/house_navigation_pkg/house_navigation_pkg.egg-info/SOURCES.txt'
[2.236s] writing manifest file '../../build/house_navigation_pkg/house_navigation_pkg.egg-info/SOURCES.txt'
[2.236s] running build
[2.236s] running build_py
[2.236s] copying house_navigation_pkg/house_navigation.py -> /home/pochsathya/ros2_ws/build/house_navigation_pkg/build/lib/house_navigation_pkg
[2.236s] running install
[2.237s] running install_lib
[2.237s] copying /home/pochsathya/ros2_ws/build/house_navigation_pkg/build/lib/house_navigation_pkg/house_navigation.py -> /home/pochsathya/ros2_ws/install/house_navigation_pkg/lib/python3.10/site-packages/house_navigation_pkg
[2.237s] byte-compiling /home/pochsathya/ros2_ws/install/house_navigation_pkg/lib/python3.10/site-packages/house_navigation_pkg/house_navigation.py to house_navigation.cpython-310.pyc
[2.238s] running install_data
[2.238s] running install_egg_info
[2.240s] removing '/home/pochsathya/ros2_ws/install/house_navigation_pkg/lib/python3.10/site-packages/house_navigation_pkg-0.0.0-py3.10.egg-info' (and everything under it)
[2.240s] Copying ../../build/house_navigation_pkg/house_navigation_pkg.egg-info to /home/pochsathya/ros2_ws/install/house_navigation_pkg/lib/python3.10/site-packages/house_navigation_pkg-0.0.0-py3.10.egg-info
[2.240s] running install_scripts
[2.254s] Installing house_navigation script to /home/pochsathya/ros2_ws/install/house_navigation_pkg/lib/house_navigation_pkg
[2.254s] writing list of installed files to '/home/pochsathya/ros2_ws/build/house_navigation_pkg/install.log'
[2.277s] Invoked command in '/home/pochsathya/ros2_ws/src/house_navigation_pkg' returned '0': PYTHONPATH=/home/pochsathya/ros2_ws/build/house_navigation_pkg/prefix_override:/usr/lib/python3/dist-packages/colcon_core/task/python/colcon_distutils_commands:/home/pochsathya/ros2_ws/install/house_navigation_pkg/lib/python3.10/site-packages:${PYTHONPATH} /usr/bin/python3 -W ignore:setup.py install is deprecated -W ignore:easy_install command is deprecated setup.py egg_info --egg-base ../../build/house_navigation_pkg build --build-base /home/pochsathya/ros2_ws/build/house_navigation_pkg/build install --record /home/pochsathya/ros2_ws/build/house_navigation_pkg/install.log --single-version-externally-managed install_data
