[0.006s] Invoking command in '/home/pochsathya/ros2_ws/build/custom_interfaces': CMAKE_PREFIX_PATH=/home/pochsathya/ros2_ws/install/my_first_pkg:/opt/ros/humble /usr/bin/cmake /home/pochsathya/ros2_ws/src/custom_interfaces -DCMAKE_INSTALL_PREFIX=/home/pochsathya/ros2_ws/install/custom_interfaces
[0.016s] -- Found ament_cmake: 1.3.13 (/opt/ros/humble/share/ament_cmake/cmake)
[0.092s] -- Found rclcpp: 16.0.18 (/opt/ros/humble/share/rclcpp/cmake)
[0.107s] -- Found rosidl_generator_c: 3.1.8 (/opt/ros/humble/share/rosidl_generator_c/cmake)
[0.109s] -- Found rosidl_adapter: 3.1.8 (/opt/ros/humble/share/rosidl_adapter/cmake)
[0.112s] -- Found rosidl_generator_cpp: 3.1.8 (/opt/ros/humble/share/rosidl_generator_cpp/cmake)
[0.117s] -- Using all available rosidl_typesupport_c: rosidl_typesupport_fastrtps_c;rosidl_typesupport_introspection_c
[0.123s] -- Using all available rosidl_typesupport_cpp: rosidl_typesupport_fastrtps_cpp;rosidl_typesupport_introspection_cpp
[0.142s] -- Found rmw_implementation_cmake: 6.1.2 (/opt/ros/humble/share/rmw_implementation_cmake/cmake)
[0.143s] -- Found rmw_fastrtps_cpp: 6.2.10 (/opt/ros/humble/share/rmw_fastrtps_cpp/cmake)
[0.212s] -- Using RMW implementation 'rmw_fastrtps_cpp' as default
[0.241s] -- Found rosidl_default_generators: 1.2.0 (/opt/ros/humble/share/rosidl_default_generators/cmake)
[0.244s] -- Found ament_lint_auto: 0.12.15 (/opt/ros/humble/share/ament_lint_auto/cmake)
[0.378s] -- Configuring incomplete, errors occurred!
[0.379s] See also "/home/pochsathya/ros2_ws/build/custom_interfaces/CMakeFiles/CMakeOutput.log".
[0.379s] [31mCMake Error at /opt/ros/humble/share/rosidl_cmake/cmake/rosidl_generate_interfaces.cmake:229 (message):
[0.379s]   Packages installing interfaces must include
[0.379s]   '<member_of_group>rosidl_interface_packages</member_of_group>' in their
[0.379s]   package.xml
[0.379s] Call Stack (most recent call first):
[0.379s]   CMakeLists.txt:26 (rosidl_generate_interfaces)
[0.379s] 
[0.379s] [0m
[0.385s] Invoked command in '/home/pochsathya/ros2_ws/build/custom_interfaces' returned '1': CMAKE_PREFIX_PATH=/home/pochsathya/ros2_ws/install/my_first_pkg:/opt/ros/humble /usr/bin/cmake /home/pochsathya/ros2_ws/src/custom_interfaces -DCMAKE_INSTALL_PREFIX=/home/pochsathya/ros2_ws/install/custom_interfaces
