[1.248s] Invoking command in '/home/pochsathya/ros2_ws/src/publisher_pkg': PYTHONPATH=/home/pochsathya/ros2_ws/build/publisher_pkg/prefix_override:/usr/lib/python3/dist-packages/colcon_core/task/python/colcon_distutils_commands:/home/pochsathya/ros2_ws/install/publisher_pkg/lib/python3.10/site-packages:${PYTHONPATH} /usr/bin/python3 -W ignore:setup.py install is deprecated -W ignore:easy_install command is deprecated setup.py egg_info --egg-base ../../build/publisher_pkg build --build-base /home/pochsathya/ros2_ws/build/publisher_pkg/build install --record /home/pochsathya/ros2_ws/build/publisher_pkg/install.log --single-version-externally-managed install_data
[1.433s] running egg_info
[1.433s] creating ../../build/publisher_pkg/publisher_pkg.egg-info
[1.433s] writing ../../build/publisher_pkg/publisher_pkg.egg-info/PKG-INFO
[1.433s] writing dependency_links to ../../build/publisher_pkg/publisher_pkg.egg-info/dependency_links.txt
[1.433s] writing entry points to ../../build/publisher_pkg/publisher_pkg.egg-info/entry_points.txt
[1.434s] writing requirements to ../../build/publisher_pkg/publisher_pkg.egg-info/requires.txt
[1.434s] writing top-level names to ../../build/publisher_pkg/publisher_pkg.egg-info/top_level.txt
[1.434s] writing manifest file '../../build/publisher_pkg/publisher_pkg.egg-info/SOURCES.txt'
[1.435s] reading manifest file '../../build/publisher_pkg/publisher_pkg.egg-info/SOURCES.txt'
[1.435s] writing manifest file '../../build/publisher_pkg/publisher_pkg.egg-info/SOURCES.txt'
[1.435s] running build
[1.435s] running build_py
[1.436s] creating /home/pochsathya/ros2_ws/build/publisher_pkg/build
[1.436s] creating /home/pochsathya/ros2_ws/build/publisher_pkg/build/lib
[1.436s] creating /home/pochsathya/ros2_ws/build/publisher_pkg/build/lib/publisher_pkg
[1.436s] copying publisher_pkg/__init__.py -> /home/pochsathya/ros2_ws/build/publisher_pkg/build/lib/publisher_pkg
[1.436s] copying publisher_pkg/publisher_node.py -> /home/pochsathya/ros2_ws/build/publisher_pkg/build/lib/publisher_pkg
[1.436s] running install
[1.436s] running install_lib
[1.436s] creating /home/pochsathya/ros2_ws/install/publisher_pkg/lib/python3.10/site-packages/publisher_pkg
[1.436s] copying /home/pochsathya/ros2_ws/build/publisher_pkg/build/lib/publisher_pkg/__init__.py -> /home/pochsathya/ros2_ws/install/publisher_pkg/lib/python3.10/site-packages/publisher_pkg
[1.436s] copying /home/pochsathya/ros2_ws/build/publisher_pkg/build/lib/publisher_pkg/publisher_node.py -> /home/pochsathya/ros2_ws/install/publisher_pkg/lib/python3.10/site-packages/publisher_pkg
[1.436s] byte-compiling /home/pochsathya/ros2_ws/install/publisher_pkg/lib/python3.10/site-packages/publisher_pkg/__init__.py to __init__.cpython-310.pyc
[1.437s] byte-compiling /home/pochsathya/ros2_ws/install/publisher_pkg/lib/python3.10/site-packages/publisher_pkg/publisher_node.py to publisher_node.cpython-310.pyc
[1.437s] running install_data
[1.437s] creating /home/pochsathya/ros2_ws/install/publisher_pkg/share/ament_index
[1.437s] creating /home/pochsathya/ros2_ws/install/publisher_pkg/share/ament_index/resource_index
[1.437s] creating /home/pochsathya/ros2_ws/install/publisher_pkg/share/ament_index/resource_index/packages
[1.437s] copying resource/publisher_pkg -> /home/pochsathya/ros2_ws/install/publisher_pkg/share/ament_index/resource_index/packages
[1.437s] copying package.xml -> /home/pochsathya/ros2_ws/install/publisher_pkg/share/publisher_pkg
[1.437s] running install_egg_info
[1.438s] Copying ../../build/publisher_pkg/publisher_pkg.egg-info to /home/pochsathya/ros2_ws/install/publisher_pkg/lib/python3.10/site-packages/publisher_pkg-0.0.0-py3.10.egg-info
[1.438s] running install_scripts
[1.450s] writing list of installed files to '/home/pochsathya/ros2_ws/build/publisher_pkg/install.log'
[1.465s] Invoked command in '/home/pochsathya/ros2_ws/src/publisher_pkg' returned '0': PYTHONPATH=/home/pochsathya/ros2_ws/build/publisher_pkg/prefix_override:/usr/lib/python3/dist-packages/colcon_core/task/python/colcon_distutils_commands:/home/pochsathya/ros2_ws/install/publisher_pkg/lib/python3.10/site-packages:${PYTHONPATH} /usr/bin/python3 -W ignore:setup.py install is deprecated -W ignore:easy_install command is deprecated setup.py egg_info --egg-base ../../build/publisher_pkg build --build-base /home/pochsathya/ros2_ws/build/publisher_pkg/build install --record /home/pochsathya/ros2_ws/build/publisher_pkg/install.log --single-version-externally-managed install_data
