[1.550s] Invoking command in '/home/pochsathya/ros2_ws/src/subscriber_pkg': PYTHONPATH=/home/pochsathya/ros2_ws/build/subscriber_pkg/prefix_override:/usr/lib/python3/dist-packages/colcon_core/task/python/colcon_distutils_commands:/home/pochsathya/ros2_ws/install/subscriber_pkg/lib/python3.10/site-packages:${PYTHONPATH} /usr/bin/python3 -W ignore:setup.py install is deprecated -W ignore:easy_install command is deprecated setup.py egg_info --egg-base ../../build/subscriber_pkg build --build-base /home/pochsathya/ros2_ws/build/subscriber_pkg/build install --record /home/pochsathya/ros2_ws/build/subscriber_pkg/install.log --single-version-externally-managed install_data
[1.757s] running egg_info
[1.757s] writing ../../build/subscriber_pkg/subscriber_pkg.egg-info/PKG-INFO
[1.757s] writing dependency_links to ../../build/subscriber_pkg/subscriber_pkg.egg-info/dependency_links.txt
[1.758s] writing entry points to ../../build/subscriber_pkg/subscriber_pkg.egg-info/entry_points.txt
[1.758s] writing requirements to ../../build/subscriber_pkg/subscriber_pkg.egg-info/requires.txt
[1.758s] writing top-level names to ../../build/subscriber_pkg/subscriber_pkg.egg-info/top_level.txt
[1.759s] reading manifest file '../../build/subscriber_pkg/subscriber_pkg.egg-info/SOURCES.txt'
[1.760s] writing manifest file '../../build/subscriber_pkg/subscriber_pkg.egg-info/SOURCES.txt'
[1.760s] running build
[1.760s] running build_py
[1.760s] running install
[1.760s] running install_lib
[1.761s] running install_data
[1.761s] running install_egg_info
[1.762s] removing '/home/pochsathya/ros2_ws/install/subscriber_pkg/lib/python3.10/site-packages/subscriber_pkg-0.0.0-py3.10.egg-info' (and everything under it)
[1.762s] Copying ../../build/subscriber_pkg/subscriber_pkg.egg-info to /home/pochsathya/ros2_ws/install/subscriber_pkg/lib/python3.10/site-packages/subscriber_pkg-0.0.0-py3.10.egg-info
[1.763s] running install_scripts
[1.777s] writing list of installed files to '/home/pochsathya/ros2_ws/build/subscriber_pkg/install.log'
[1.809s] Invoked command in '/home/pochsathya/ros2_ws/src/subscriber_pkg' returned '0': PYTHONPATH=/home/pochsathya/ros2_ws/build/subscriber_pkg/prefix_override:/usr/lib/python3/dist-packages/colcon_core/task/python/colcon_distutils_commands:/home/pochsathya/ros2_ws/install/subscriber_pkg/lib/python3.10/site-packages:${PYTHONPATH} /usr/bin/python3 -W ignore:setup.py install is deprecated -W ignore:easy_install command is deprecated setup.py egg_info --egg-base ../../build/subscriber_pkg build --build-base /home/pochsathya/ros2_ws/build/subscriber_pkg/build install --record /home/pochsathya/ros2_ws/build/subscriber_pkg/install.log --single-version-externally-managed install_data
