running egg_info
creating ../build/example36_pkg/example36_pkg.egg-info
writing ../build/example36_pkg/example36_pkg.egg-info/PKG-INFO
writing dependency_links to ../build/example36_pkg/example36_pkg.egg-info/dependency_links.txt
writing entry points to ../build/example36_pkg/example36_pkg.egg-info/entry_points.txt
writing requirements to ../build/example36_pkg/example36_pkg.egg-info/requires.txt
writing top-level names to ../build/example36_pkg/example36_pkg.egg-info/top_level.txt
writing manifest file '../build/example36_pkg/example36_pkg.egg-info/SOURCES.txt'
reading manifest file '../build/example36_pkg/example36_pkg.egg-info/SOURCES.txt'
writing manifest file '../build/example36_pkg/example36_pkg.egg-info/SOURCES.txt'
running build
running build_py
creating /home/pochsathya/ros2_ws/build/example36_pkg/build
creating /home/pochsathya/ros2_ws/build/example36_pkg/build/lib
creating /home/pochsathya/ros2_ws/build/example36_pkg/build/lib/example36_pkg
copying example36_pkg/__init__.py -> /home/pochsathya/ros2_ws/build/example36_pkg/build/lib/example36_pkg
copying example36_pkg/example36.py -> /home/pochsathya/ros2_ws/build/example36_pkg/build/lib/example36_pkg
running install
running install_lib
creating /home/pochsathya/ros2_ws/install/example36_pkg/lib/python3.10/site-packages/example36_pkg
copying /home/pochsathya/ros2_ws/build/example36_pkg/build/lib/example36_pkg/__init__.py -> /home/pochsathya/ros2_ws/install/example36_pkg/lib/python3.10/site-packages/example36_pkg
copying /home/pochsathya/ros2_ws/build/example36_pkg/build/lib/example36_pkg/example36.py -> /home/pochsathya/ros2_ws/install/example36_pkg/lib/python3.10/site-packages/example36_pkg
byte-compiling /home/pochsathya/ros2_ws/install/example36_pkg/lib/python3.10/site-packages/example36_pkg/__init__.py to __init__.cpython-310.pyc
byte-compiling /home/pochsathya/ros2_ws/install/example36_pkg/lib/python3.10/site-packages/example36_pkg/example36.py to example36.cpython-310.pyc
running install_data
creating /home/pochsathya/ros2_ws/install/example36_pkg/share/ament_index
creating /home/pochsathya/ros2_ws/install/example36_pkg/share/ament_index/resource_index
creating /home/pochsathya/ros2_ws/install/example36_pkg/share/ament_index/resource_index/packages
copying resource/example36_pkg -> /home/pochsathya/ros2_ws/install/example36_pkg/share/ament_index/resource_index/packages
copying package.xml -> /home/pochsathya/ros2_ws/install/example36_pkg/share/example36_pkg
running install_egg_info
Copying ../build/example36_pkg/example36_pkg.egg-info to /home/pochsathya/ros2_ws/install/example36_pkg/lib/python3.10/site-packages/example36_pkg-0.0.0-py3.10.egg-info
running install_scripts
writing list of installed files to '/home/pochsathya/ros2_ws/build/example36_pkg/install.log'
