[0.374s] Invoking command in '/home/pochsathya/ros2_ws/example36_pkg': PYTHONPATH=/home/pochsathya/ros2_ws/build/example36_pkg/prefix_override:/usr/lib/python3/dist-packages/colcon_core/task/python/colcon_distutils_commands:/home/pochsathya/ros2_ws/install/example36_pkg/lib/python3.10/site-packages:${PYTHONPATH} /usr/bin/python3 -W ignore:setup.py install is deprecated -W ignore:easy_install command is deprecated setup.py egg_info --egg-base ../build/example36_pkg build --build-base /home/pochsathya/ros2_ws/build/example36_pkg/build install --record /home/pochsathya/ros2_ws/build/example36_pkg/install.log --single-version-externally-managed install_data
[0.493s] running egg_info
[0.493s] creating ../build/example36_pkg/example36_pkg.egg-info
[0.493s] writing ../build/example36_pkg/example36_pkg.egg-info/PKG-INFO
[0.493s] writing dependency_links to ../build/example36_pkg/example36_pkg.egg-info/dependency_links.txt
[0.493s] writing entry points to ../build/example36_pkg/example36_pkg.egg-info/entry_points.txt
[0.493s] writing requirements to ../build/example36_pkg/example36_pkg.egg-info/requires.txt
[0.493s] writing top-level names to ../build/example36_pkg/example36_pkg.egg-info/top_level.txt
[0.494s] writing manifest file '../build/example36_pkg/example36_pkg.egg-info/SOURCES.txt'
[0.495s] reading manifest file '../build/example36_pkg/example36_pkg.egg-info/SOURCES.txt'
[0.495s] writing manifest file '../build/example36_pkg/example36_pkg.egg-info/SOURCES.txt'
[0.495s] running build
[0.495s] running build_py
[0.495s] creating /home/pochsathya/ros2_ws/build/example36_pkg/build
[0.495s] creating /home/pochsathya/ros2_ws/build/example36_pkg/build/lib
[0.495s] creating /home/pochsathya/ros2_ws/build/example36_pkg/build/lib/example36_pkg
[0.495s] copying example36_pkg/__init__.py -> /home/pochsathya/ros2_ws/build/example36_pkg/build/lib/example36_pkg
[0.495s] copying example36_pkg/example36.py -> /home/pochsathya/ros2_ws/build/example36_pkg/build/lib/example36_pkg
[0.496s] running install
[0.496s] running install_lib
[0.496s] creating /home/pochsathya/ros2_ws/install/example36_pkg/lib/python3.10/site-packages/example36_pkg
[0.496s] copying /home/pochsathya/ros2_ws/build/example36_pkg/build/lib/example36_pkg/__init__.py -> /home/pochsathya/ros2_ws/install/example36_pkg/lib/python3.10/site-packages/example36_pkg
[0.496s] copying /home/pochsathya/ros2_ws/build/example36_pkg/build/lib/example36_pkg/example36.py -> /home/pochsathya/ros2_ws/install/example36_pkg/lib/python3.10/site-packages/example36_pkg
[0.496s] byte-compiling /home/pochsathya/ros2_ws/install/example36_pkg/lib/python3.10/site-packages/example36_pkg/__init__.py to __init__.cpython-310.pyc
[0.496s] byte-compiling /home/pochsathya/ros2_ws/install/example36_pkg/lib/python3.10/site-packages/example36_pkg/example36.py to example36.cpython-310.pyc
[0.496s] running install_data
[0.496s] creating /home/pochsathya/ros2_ws/install/example36_pkg/share/ament_index
[0.496s] creating /home/pochsathya/ros2_ws/install/example36_pkg/share/ament_index/resource_index
[0.496s] creating /home/pochsathya/ros2_ws/install/example36_pkg/share/ament_index/resource_index/packages
[0.496s] copying resource/example36_pkg -> /home/pochsathya/ros2_ws/install/example36_pkg/share/ament_index/resource_index/packages
[0.496s] copying package.xml -> /home/pochsathya/ros2_ws/install/example36_pkg/share/example36_pkg
[0.496s] running install_egg_info
[0.497s] Copying ../build/example36_pkg/example36_pkg.egg-info to /home/pochsathya/ros2_ws/install/example36_pkg/lib/python3.10/site-packages/example36_pkg-0.0.0-py3.10.egg-info
[0.497s] running install_scripts
[0.507s] writing list of installed files to '/home/pochsathya/ros2_ws/build/example36_pkg/install.log'
[0.518s] Invoked command in '/home/pochsathya/ros2_ws/example36_pkg' returned '0': PYTHONPATH=/home/pochsathya/ros2_ws/build/example36_pkg/prefix_override:/usr/lib/python3/dist-packages/colcon_core/task/python/colcon_distutils_commands:/home/pochsathya/ros2_ws/install/example36_pkg/lib/python3.10/site-packages:${PYTHONPATH} /usr/bin/python3 -W ignore:setup.py install is deprecated -W ignore:easy_install command is deprecated setup.py egg_info --egg-base ../build/example36_pkg build --build-base /home/pochsathya/ros2_ws/build/example36_pkg/build install --record /home/pochsathya/ros2_ws/build/example36_pkg/install.log --single-version-externally-managed install_data
