[1.247s] Invoking command in '/home/pochsathya/ros2_ws/src/odometry_pkg': PYTHONPATH=/home/pochsathya/ros2_ws/build/odometry_pkg/prefix_override:/usr/lib/python3/dist-packages/colcon_core/task/python/colcon_distutils_commands:/home/pochsathya/ros2_ws/install/odometry_pkg/lib/python3.10/site-packages:${PYTHONPATH} /usr/bin/python3 -W ignore:setup.py install is deprecated -W ignore:easy_install command is deprecated setup.py egg_info --egg-base ../../build/odometry_pkg build --build-base /home/pochsathya/ros2_ws/build/odometry_pkg/build install --record /home/pochsathya/ros2_ws/build/odometry_pkg/install.log --single-version-externally-managed install_data
[1.438s] running egg_info
[1.438s] creating ../../build/odometry_pkg/odometry_pkg.egg-info
[1.438s] writing ../../build/odometry_pkg/odometry_pkg.egg-info/PKG-INFO
[1.439s] writing dependency_links to ../../build/odometry_pkg/odometry_pkg.egg-info/dependency_links.txt
[1.439s] writing entry points to ../../build/odometry_pkg/odometry_pkg.egg-info/entry_points.txt
[1.439s] writing requirements to ../../build/odometry_pkg/odometry_pkg.egg-info/requires.txt
[1.439s] writing top-level names to ../../build/odometry_pkg/odometry_pkg.egg-info/top_level.txt
[1.439s] writing manifest file '../../build/odometry_pkg/odometry_pkg.egg-info/SOURCES.txt'
[1.440s] reading manifest file '../../build/odometry_pkg/odometry_pkg.egg-info/SOURCES.txt'
[1.440s] writing manifest file '../../build/odometry_pkg/odometry_pkg.egg-info/SOURCES.txt'
[1.440s] running build
[1.440s] running build_py
[1.440s] creating /home/pochsathya/ros2_ws/build/odometry_pkg/build
[1.440s] creating /home/pochsathya/ros2_ws/build/odometry_pkg/build/lib
[1.440s] creating /home/pochsathya/ros2_ws/build/odometry_pkg/build/lib/odometry_pkg
[1.440s] copying odometry_pkg/__init__.py -> /home/pochsathya/ros2_ws/build/odometry_pkg/build/lib/odometry_pkg
[1.440s] copying odometry_pkg/odometry_subscriber.py -> /home/pochsathya/ros2_ws/build/odometry_pkg/build/lib/odometry_pkg
[1.440s] running install
[1.440s] running install_lib
[1.440s] creating /home/pochsathya/ros2_ws/install/odometry_pkg/lib/python3.10/site-packages/odometry_pkg
[1.440s] copying /home/pochsathya/ros2_ws/build/odometry_pkg/build/lib/odometry_pkg/__init__.py -> /home/pochsathya/ros2_ws/install/odometry_pkg/lib/python3.10/site-packages/odometry_pkg
[1.441s] copying /home/pochsathya/ros2_ws/build/odometry_pkg/build/lib/odometry_pkg/odometry_subscriber.py -> /home/pochsathya/ros2_ws/install/odometry_pkg/lib/python3.10/site-packages/odometry_pkg
[1.441s] byte-compiling /home/pochsathya/ros2_ws/install/odometry_pkg/lib/python3.10/site-packages/odometry_pkg/__init__.py to __init__.cpython-310.pyc
[1.441s] byte-compiling /home/pochsathya/ros2_ws/install/odometry_pkg/lib/python3.10/site-packages/odometry_pkg/odometry_subscriber.py to odometry_subscriber.cpython-310.pyc
[1.441s] running install_data
[1.441s] creating /home/pochsathya/ros2_ws/install/odometry_pkg/share/ament_index
[1.441s] creating /home/pochsathya/ros2_ws/install/odometry_pkg/share/ament_index/resource_index
[1.441s] creating /home/pochsathya/ros2_ws/install/odometry_pkg/share/ament_index/resource_index/packages
[1.441s] copying resource/odometry_pkg -> /home/pochsathya/ros2_ws/install/odometry_pkg/share/ament_index/resource_index/packages
[1.441s] copying package.xml -> /home/pochsathya/ros2_ws/install/odometry_pkg/share/odometry_pkg
[1.442s] running install_egg_info
[1.442s] Copying ../../build/odometry_pkg/odometry_pkg.egg-info to /home/pochsathya/ros2_ws/install/odometry_pkg/lib/python3.10/site-packages/odometry_pkg-0.0.0-py3.10.egg-info
[1.443s] running install_scripts
[1.455s] writing list of installed files to '/home/pochsathya/ros2_ws/build/odometry_pkg/install.log'
[1.473s] Invoked command in '/home/pochsathya/ros2_ws/src/odometry_pkg' returned '0': PYTHONPATH=/home/pochsathya/ros2_ws/build/odometry_pkg/prefix_override:/usr/lib/python3/dist-packages/colcon_core/task/python/colcon_distutils_commands:/home/pochsathya/ros2_ws/install/odometry_pkg/lib/python3.10/site-packages:${PYTHONPATH} /usr/bin/python3 -W ignore:setup.py install is deprecated -W ignore:easy_install command is deprecated setup.py egg_info --egg-base ../../build/odometry_pkg build --build-base /home/pochsathya/ros2_ws/build/odometry_pkg/build install --record /home/pochsathya/ros2_ws/build/odometry_pkg/install.log --single-version-externally-managed install_data
