[1.247s] Invoking command in '/home/pochsathya/ros2_ws/src/subscriber_pkg': PYTHONPATH=/home/pochsathya/ros2_ws/build/subscriber_pkg/prefix_override:/usr/lib/python3/dist-packages/colcon_core/task/python/colcon_distutils_commands:/home/pochsathya/ros2_ws/install/subscriber_pkg/lib/python3.10/site-packages:${PYTHONPATH} /usr/bin/python3 -W ignore:setup.py install is deprecated -W ignore:easy_install command is deprecated setup.py egg_info --egg-base ../../build/subscriber_pkg build --build-base /home/pochsathya/ros2_ws/build/subscriber_pkg/build install --record /home/pochsathya/ros2_ws/build/subscriber_pkg/install.log --single-version-externally-managed install_data
[1.420s] running egg_info
[1.421s] creating ../../build/subscriber_pkg/subscriber_pkg.egg-info
[1.421s] writing ../../build/subscriber_pkg/subscriber_pkg.egg-info/PKG-INFO
[1.421s] writing dependency_links to ../../build/subscriber_pkg/subscriber_pkg.egg-info/dependency_links.txt
[1.421s] writing entry points to ../../build/subscriber_pkg/subscriber_pkg.egg-info/entry_points.txt
[1.421s] writing requirements to ../../build/subscriber_pkg/subscriber_pkg.egg-info/requires.txt
[1.421s] writing top-level names to ../../build/subscriber_pkg/subscriber_pkg.egg-info/top_level.txt
[1.421s] writing manifest file '../../build/subscriber_pkg/subscriber_pkg.egg-info/SOURCES.txt'
[1.422s] reading manifest file '../../build/subscriber_pkg/subscriber_pkg.egg-info/SOURCES.txt'
[1.422s] writing manifest file '../../build/subscriber_pkg/subscriber_pkg.egg-info/SOURCES.txt'
[1.422s] running build
[1.422s] running build_py
[1.423s] creating /home/pochsathya/ros2_ws/build/subscriber_pkg/build
[1.423s] creating /home/pochsathya/ros2_ws/build/subscriber_pkg/build/lib
[1.423s] creating /home/pochsathya/ros2_ws/build/subscriber_pkg/build/lib/subscriber_pkg
[1.423s] copying subscriber_pkg/subscriber_node.py -> /home/pochsathya/ros2_ws/build/subscriber_pkg/build/lib/subscriber_pkg
[1.423s] copying subscriber_pkg/__init__.py -> /home/pochsathya/ros2_ws/build/subscriber_pkg/build/lib/subscriber_pkg
[1.423s] running install
[1.423s] running install_lib
[1.423s] creating /home/pochsathya/ros2_ws/install/subscriber_pkg/lib/python3.10/site-packages/subscriber_pkg
[1.423s] copying /home/pochsathya/ros2_ws/build/subscriber_pkg/build/lib/subscriber_pkg/subscriber_node.py -> /home/pochsathya/ros2_ws/install/subscriber_pkg/lib/python3.10/site-packages/subscriber_pkg
[1.423s] copying /home/pochsathya/ros2_ws/build/subscriber_pkg/build/lib/subscriber_pkg/__init__.py -> /home/pochsathya/ros2_ws/install/subscriber_pkg/lib/python3.10/site-packages/subscriber_pkg
[1.423s] byte-compiling /home/pochsathya/ros2_ws/install/subscriber_pkg/lib/python3.10/site-packages/subscriber_pkg/subscriber_node.py to subscriber_node.cpython-310.pyc
[1.424s] byte-compiling /home/pochsathya/ros2_ws/install/subscriber_pkg/lib/python3.10/site-packages/subscriber_pkg/__init__.py to __init__.cpython-310.pyc
[1.424s] running install_data
[1.424s] creating /home/pochsathya/ros2_ws/install/subscriber_pkg/share/ament_index
[1.424s] creating /home/pochsathya/ros2_ws/install/subscriber_pkg/share/ament_index/resource_index
[1.424s] creating /home/pochsathya/ros2_ws/install/subscriber_pkg/share/ament_index/resource_index/packages
[1.424s] copying resource/subscriber_pkg -> /home/pochsathya/ros2_ws/install/subscriber_pkg/share/ament_index/resource_index/packages
[1.424s] copying package.xml -> /home/pochsathya/ros2_ws/install/subscriber_pkg/share/subscriber_pkg
[1.424s] running install_egg_info
[1.425s] Copying ../../build/subscriber_pkg/subscriber_pkg.egg-info to /home/pochsathya/ros2_ws/install/subscriber_pkg/lib/python3.10/site-packages/subscriber_pkg-0.0.0-py3.10.egg-info
[1.425s] running install_scripts
[1.436s] writing list of installed files to '/home/pochsathya/ros2_ws/build/subscriber_pkg/install.log'
[1.449s] Invoked command in '/home/pochsathya/ros2_ws/src/subscriber_pkg' returned '0': PYTHONPATH=/home/pochsathya/ros2_ws/build/subscriber_pkg/prefix_override:/usr/lib/python3/dist-packages/colcon_core/task/python/colcon_distutils_commands:/home/pochsathya/ros2_ws/install/subscriber_pkg/lib/python3.10/site-packages:${PYTHONPATH} /usr/bin/python3 -W ignore:setup.py install is deprecated -W ignore:easy_install command is deprecated setup.py egg_info --egg-base ../../build/subscriber_pkg build --build-base /home/pochsathya/ros2_ws/build/subscriber_pkg/build install --record /home/pochsathya/ros2_ws/build/subscriber_pkg/install.log --single-version-externally-managed install_data
