[1.988s] Invoking command in '/home/pochsathya/ros2_ws/src/subscriber_pkg': PYTHONPATH=/home/pochsathya/ros2_ws/build/subscriber_pkg/prefix_override:/usr/lib/python3/dist-packages/colcon_core/task/python/colcon_distutils_commands:/home/pochsathya/ros2_ws/install/subscriber_pkg/lib/python3.10/site-packages:${PYTHONPATH} /usr/bin/python3 -W ignore:setup.py install is deprecated -W ignore:easy_install command is deprecated setup.py egg_info --egg-base ../../build/subscriber_pkg build --build-base /home/pochsathya/ros2_ws/build/subscriber_pkg/build install --record /home/pochsathya/ros2_ws/build/subscriber_pkg/install.log --single-version-externally-managed install_data
[2.148s] running egg_info
[2.149s] writing ../../build/subscriber_pkg/subscriber_pkg.egg-info/PKG-INFO
[2.149s] writing dependency_links to ../../build/subscriber_pkg/subscriber_pkg.egg-info/dependency_links.txt
[2.149s] writing entry points to ../../build/subscriber_pkg/subscriber_pkg.egg-info/entry_points.txt
[2.149s] writing requirements to ../../build/subscriber_pkg/subscriber_pkg.egg-info/requires.txt
[2.149s] writing top-level names to ../../build/subscriber_pkg/subscriber_pkg.egg-info/top_level.txt
[2.151s] reading manifest file '../../build/subscriber_pkg/subscriber_pkg.egg-info/SOURCES.txt'
[2.151s] writing manifest file '../../build/subscriber_pkg/subscriber_pkg.egg-info/SOURCES.txt'
[2.151s] running build
[2.151s] running build_py
[2.151s] running install
[2.152s] running install_lib
[2.152s] running install_data
[2.152s] running install_egg_info
[2.154s] removing '/home/pochsathya/ros2_ws/install/subscriber_pkg/lib/python3.10/site-packages/subscriber_pkg-0.0.0-py3.10.egg-info' (and everything under it)
[2.154s] Copying ../../build/subscriber_pkg/subscriber_pkg.egg-info to /home/pochsathya/ros2_ws/install/subscriber_pkg/lib/python3.10/site-packages/subscriber_pkg-0.0.0-py3.10.egg-info
[2.154s] running install_scripts
[2.168s] writing list of installed files to '/home/pochsathya/ros2_ws/build/subscriber_pkg/install.log'
[2.187s] Invoked command in '/home/pochsathya/ros2_ws/src/subscriber_pkg' returned '0': PYTHONPATH=/home/pochsathya/ros2_ws/build/subscriber_pkg/prefix_override:/usr/lib/python3/dist-packages/colcon_core/task/python/colcon_distutils_commands:/home/pochsathya/ros2_ws/install/subscriber_pkg/lib/python3.10/site-packages:${PYTHONPATH} /usr/bin/python3 -W ignore:setup.py install is deprecated -W ignore:easy_install command is deprecated setup.py egg_info --egg-base ../../build/subscriber_pkg build --build-base /home/pochsathya/ros2_ws/build/subscriber_pkg/build install --record /home/pochsathya/ros2_ws/build/subscriber_pkg/install.log --single-version-externally-managed install_data
