[0.487s] Invoking command in '/home/pochsathya/ros2_ws/example36_pkg': PYTHONPATH=/home/pochsathya/ros2_ws/build/example36_pkg/prefix_override:/usr/lib/python3/dist-packages/colcon_core/task/python/colcon_distutils_commands:/home/pochsathya/ros2_ws/install/example36_pkg/lib/python3.10/site-packages:${PYTHONPATH} /usr/bin/python3 -W ignore:setup.py install is deprecated -W ignore:easy_install command is deprecated setup.py egg_info --egg-base ../build/example36_pkg build --build-base /home/pochsathya/ros2_ws/build/example36_pkg/build install --record /home/pochsathya/ros2_ws/build/example36_pkg/install.log --single-version-externally-managed install_data
[0.647s] running egg_info
[0.647s] writing ../build/example36_pkg/example36_pkg.egg-info/PKG-INFO
[0.647s] writing dependency_links to ../build/example36_pkg/example36_pkg.egg-info/dependency_links.txt
[0.647s] writing entry points to ../build/example36_pkg/example36_pkg.egg-info/entry_points.txt
[0.647s] writing requirements to ../build/example36_pkg/example36_pkg.egg-info/requires.txt
[0.647s] writing top-level names to ../build/example36_pkg/example36_pkg.egg-info/top_level.txt
[0.649s] reading manifest file '../build/example36_pkg/example36_pkg.egg-info/SOURCES.txt'
[0.649s] writing manifest file '../build/example36_pkg/example36_pkg.egg-info/SOURCES.txt'
[0.649s] running build
[0.649s] running build_py
[0.649s] running install
[0.649s] running install_lib
[0.650s] running install_data
[0.650s] running install_egg_info
[0.651s] removing '/home/pochsathya/ros2_ws/install/example36_pkg/lib/python3.10/site-packages/example36_pkg-0.0.0-py3.10.egg-info' (and everything under it)
[0.651s] Copying ../build/example36_pkg/example36_pkg.egg-info to /home/pochsathya/ros2_ws/install/example36_pkg/lib/python3.10/site-packages/example36_pkg-0.0.0-py3.10.egg-info
[0.651s] running install_scripts
[0.661s] Installing example36 script to /home/pochsathya/ros2_ws/install/example36_pkg/lib/example36_pkg
[0.662s] writing list of installed files to '/home/pochsathya/ros2_ws/build/example36_pkg/install.log'
[0.674s] Invoked command in '/home/pochsathya/ros2_ws/example36_pkg' returned '0': PYTHONPATH=/home/pochsathya/ros2_ws/build/example36_pkg/prefix_override:/usr/lib/python3/dist-packages/colcon_core/task/python/colcon_distutils_commands:/home/pochsathya/ros2_ws/install/example36_pkg/lib/python3.10/site-packages:${PYTHONPATH} /usr/bin/python3 -W ignore:setup.py install is deprecated -W ignore:easy_install command is deprecated setup.py egg_info --egg-base ../build/example36_pkg build --build-base /home/pochsathya/ros2_ws/build/example36_pkg/build install --record /home/pochsathya/ros2_ws/build/example36_pkg/install.log --single-version-externally-managed install_data
